Archive member included to satisfy reference by file (symbol)

C:/ST/STM32CubeIDE_1.14.1/STM32CubeIDE/plugins/com.st.stm32cube.ide.mcu.externaltools.gnu-tools-for-stm32.11.3.rel1.win32_1.1.100.202309141235/tools/bin/../lib/gcc/arm-none-eabi/11.3.1/../../../../arm-none-eabi/lib/thumb/v7e-m+fp/hard\libc_nano.a(libc_a-exit.o)
                              C:/ST/STM32CubeIDE_1.14.1/STM32CubeIDE/plugins/com.st.stm32cube.ide.mcu.externaltools.gnu-tools-for-stm32.11.3.rel1.win32_1.1.100.202309141235/tools/bin/../lib/gcc/arm-none-eabi/11.3.1/../../../../arm-none-eabi/lib/thumb/v7e-m+fp/hard/crt0.o (exit)
C:/ST/STM32CubeIDE_1.14.1/STM32CubeIDE/plugins/com.st.stm32cube.ide.mcu.externaltools.gnu-tools-for-stm32.11.3.rel1.win32_1.1.100.202309141235/tools/bin/../lib/gcc/arm-none-eabi/11.3.1/../../../../arm-none-eabi/lib/thumb/v7e-m+fp/hard\libc_nano.a(libc_a-findfp.o)
                              C:/ST/STM32CubeIDE_1.14.1/STM32CubeIDE/plugins/com.st.stm32cube.ide.mcu.externaltools.gnu-tools-for-stm32.11.3.rel1.win32_1.1.100.202309141235/tools/bin/../lib/gcc/arm-none-eabi/11.3.1/../../../../arm-none-eabi/lib/thumb/v7e-m+fp/hard\libc_nano.a(libc_a-exit.o) (__stdio_exit_handler)
C:/ST/STM32CubeIDE_1.14.1/STM32CubeIDE/plugins/com.st.stm32cube.ide.mcu.externaltools.gnu-tools-for-stm32.11.3.rel1.win32_1.1.100.202309141235/tools/bin/../lib/gcc/arm-none-eabi/11.3.1/../../../../arm-none-eabi/lib/thumb/v7e-m+fp/hard\libc_nano.a(libc_a-fwalk.o)
                              C:/ST/STM32CubeIDE_1.14.1/STM32CubeIDE/plugins/com.st.stm32cube.ide.mcu.externaltools.gnu-tools-for-stm32.11.3.rel1.win32_1.1.100.202309141235/tools/bin/../lib/gcc/arm-none-eabi/11.3.1/../../../../arm-none-eabi/lib/thumb/v7e-m+fp/hard\libc_nano.a(libc_a-findfp.o) (_fwalk_sglue)
C:/ST/STM32CubeIDE_1.14.1/STM32CubeIDE/plugins/com.st.stm32cube.ide.mcu.externaltools.gnu-tools-for-stm32.11.3.rel1.win32_1.1.100.202309141235/tools/bin/../lib/gcc/arm-none-eabi/11.3.1/../../../../arm-none-eabi/lib/thumb/v7e-m+fp/hard\libc_nano.a(libc_a-stdio.o)
                              C:/ST/STM32CubeIDE_1.14.1/STM32CubeIDE/plugins/com.st.stm32cube.ide.mcu.externaltools.gnu-tools-for-stm32.11.3.rel1.win32_1.1.100.202309141235/tools/bin/../lib/gcc/arm-none-eabi/11.3.1/../../../../arm-none-eabi/lib/thumb/v7e-m+fp/hard\libc_nano.a(libc_a-findfp.o) (__sread)
C:/ST/STM32CubeIDE_1.14.1/STM32CubeIDE/plugins/com.st.stm32cube.ide.mcu.externaltools.gnu-tools-for-stm32.11.3.rel1.win32_1.1.100.202309141235/tools/bin/../lib/gcc/arm-none-eabi/11.3.1/../../../../arm-none-eabi/lib/thumb/v7e-m+fp/hard\libc_nano.a(libc_a-memset.o)
                              C:/ST/STM32CubeIDE_1.14.1/STM32CubeIDE/plugins/com.st.stm32cube.ide.mcu.externaltools.gnu-tools-for-stm32.11.3.rel1.win32_1.1.100.202309141235/tools/bin/../lib/gcc/arm-none-eabi/11.3.1/../../../../arm-none-eabi/lib/thumb/v7e-m+fp/hard/crt0.o (memset)
C:/ST/STM32CubeIDE_1.14.1/STM32CubeIDE/plugins/com.st.stm32cube.ide.mcu.externaltools.gnu-tools-for-stm32.11.3.rel1.win32_1.1.100.202309141235/tools/bin/../lib/gcc/arm-none-eabi/11.3.1/../../../../arm-none-eabi/lib/thumb/v7e-m+fp/hard\libc_nano.a(libc_a-closer.o)
                              C:/ST/STM32CubeIDE_1.14.1/STM32CubeIDE/plugins/com.st.stm32cube.ide.mcu.externaltools.gnu-tools-for-stm32.11.3.rel1.win32_1.1.100.202309141235/tools/bin/../lib/gcc/arm-none-eabi/11.3.1/../../../../arm-none-eabi/lib/thumb/v7e-m+fp/hard\libc_nano.a(libc_a-stdio.o) (_close_r)
C:/ST/STM32CubeIDE_1.14.1/STM32CubeIDE/plugins/com.st.stm32cube.ide.mcu.externaltools.gnu-tools-for-stm32.11.3.rel1.win32_1.1.100.202309141235/tools/bin/../lib/gcc/arm-none-eabi/11.3.1/../../../../arm-none-eabi/lib/thumb/v7e-m+fp/hard\libc_nano.a(libc_a-reent.o)
                              C:/ST/STM32CubeIDE_1.14.1/STM32CubeIDE/plugins/com.st.stm32cube.ide.mcu.externaltools.gnu-tools-for-stm32.11.3.rel1.win32_1.1.100.202309141235/tools/bin/../lib/gcc/arm-none-eabi/11.3.1/../../../../arm-none-eabi/lib/thumb/v7e-m+fp/hard\libc_nano.a(libc_a-closer.o) (errno)
C:/ST/STM32CubeIDE_1.14.1/STM32CubeIDE/plugins/com.st.stm32cube.ide.mcu.externaltools.gnu-tools-for-stm32.11.3.rel1.win32_1.1.100.202309141235/tools/bin/../lib/gcc/arm-none-eabi/11.3.1/../../../../arm-none-eabi/lib/thumb/v7e-m+fp/hard\libc_nano.a(libc_a-impure.o)
                              C:/ST/STM32CubeIDE_1.14.1/STM32CubeIDE/plugins/com.st.stm32cube.ide.mcu.externaltools.gnu-tools-for-stm32.11.3.rel1.win32_1.1.100.202309141235/tools/bin/../lib/gcc/arm-none-eabi/11.3.1/../../../../arm-none-eabi/lib/thumb/v7e-m+fp/hard\libc_nano.a(libc_a-reent.o) (_impure_ptr)
C:/ST/STM32CubeIDE_1.14.1/STM32CubeIDE/plugins/com.st.stm32cube.ide.mcu.externaltools.gnu-tools-for-stm32.11.3.rel1.win32_1.1.100.202309141235/tools/bin/../lib/gcc/arm-none-eabi/11.3.1/../../../../arm-none-eabi/lib/thumb/v7e-m+fp/hard\libc_nano.a(libc_a-lseekr.o)
[...]
Memory Configuration

Name             Origin             Length             Attributes
CCMRAM           0x0000000010000000 0x0000000000004000 xrw
RAM              0x0000000020000000 0x0000000000010000 xrw
FLASH            0x0000000008000000 0x0000000000080000 xr
*default*        0x0000000000000000 0xffffffffffffffff

Linker script and memory map

LOAD C:/ST/STM32CubeIDE_1.14.1/STM32CubeIDE/plugins/com.st.stm32cube.ide.mcu.externaltools.gnu-tools-for-stm32.11.3.rel1.win32_1.1.100.202309141235/tools/bin/../lib/gcc/arm-none-eabi/11.3.1/thumb/v7e-m+fp/hard/crti.o
LOAD C:/ST/STM32CubeIDE_1.14.1/STM32CubeIDE/plugins/com.st.stm32cube.ide.mcu.externaltools.gnu-tools-for-stm32.11.3.rel1.win32_1.1.100.202309141235/tools/bin/../lib/gcc/arm-none-eabi/11.3.1/thumb/v7e-m+fp/hard/crtbegin.o
LOAD C:/ST/STM32CubeIDE_1.14.1/STM32CubeIDE/plugins/com.st.stm32cube.ide.mcu.externaltools.gnu-tools-for-stm32.11.3.rel1.win32_1.1.100.202309141235/tools/bin/../lib/gcc/arm-none-eabi/11.3.1/../../../../arm-none-eabi/lib/thumb/v7e-m+fp/hard/crt0.o
LOAD ./Core/Src/crc_driver.o
LOAD ./Core/Src/flash_driver.o
LOAD ./Core/Src/freertos.o
LOAD ./Core/Src/main.o
LOAD ./Core/Src/stm32f3xx_hal_msp.o
LOAD ./Core/Src/stm32f3xx_hal_timebase_tim.o
LOAD ./Core/Src/stm32f3xx_it.o
LOAD ./Core/Src/syscalls.o
LOAD ./Core/Src/sysmem.o
LOAD ./Core/Src/system_stm32f3xx.o
LOAD ./Core/Startup/startup_stm32f303retx.o
LOAD ./Drivers/STM32F3xx_HAL_Driver/Src/stm32f3xx_hal.o
LOAD ./Drivers/STM32F3xx_HAL_Driver/Src/stm32f3xx_hal_cortex.o
LOAD ./Drivers/STM32F3xx_HAL_Driver/Src/stm32f3xx_hal_dma.o
LOAD ./Drivers/STM32F3xx_HAL_Driver/Src/stm32f3xx_hal_exti.o
LOAD ./Drivers/STM32F3xx_HAL_Driver/Src/stm32f3xx_hal_flash.o
LOAD ./Drivers/STM32F3xx_HAL_Driver/Src/stm32f3xx_hal_flash_ex.o
LOAD ./Drivers/STM32F3xx_HAL_Driver/Src/stm32f3xx_hal_gpio.o
LOAD ./Drivers/STM32F3xx_HAL_Driver/Src/stm32f3xx_hal_i2c.o
LOAD ./Drivers/STM32F3xx_HAL_Driver/Src/stm32f3xx_hal_i2c_ex.o
LOAD ./Drivers/STM32F3xx_HAL_Driver/Src/stm32f3xx_hal_pwr.o
LOAD ./Drivers/STM32F3xx_HAL_Driver/Src/stm32f3xx_hal_pwr_ex.o
LOAD ./Drivers/STM32F3xx_HAL_Driver/Src/stm32f3xx_hal_rcc.o
LOAD ./Drivers/STM32F3xx_HAL_Driver/Src/stm32f3xx_hal_rcc_ex.o
LOAD ./Drivers/STM32F3xx_HAL_Driver/Src/stm32f3xx_hal_tim.o
LOAD ./Drivers/STM32F3xx_HAL_Driver/Src/stm32f3xx_hal_tim_ex.o
LOAD ./Drivers/STM32F3xx_HAL_Driver/Src/stm32f3xx_hal_uart.o
LOAD ./Drivers/STM32F3xx_HAL_Driver/Src/stm32f3xx_hal_uart_ex.o
LOAD ./Drivers/STM32F3xx_HAL_Driver/Src/stm32f3xx_hal_wwdg.o
LOAD ./Drivers/STM32F3xx_HAL_Driver/Src/stm32f3xx_ll_dma.o
LOAD ./Drivers/STM32F3xx_HAL_Driver/Src/stm32f3xx_ll_exti.o
LOAD ./Drivers/STM32F3xx_HAL_Driver/Src/stm32f3xx_ll_gpio.o
LOAD ./Drivers/STM32F3xx_HAL_Driver/Src/stm32f3xx_ll_rcc.o
LOAD ./Drivers/STM32F3xx_HAL_Driver/Src/stm32f3xx_ll_tim.o
LOAD ./Drivers/STM32F3xx_HAL_Driver/Src/stm32f3xx_ll_utils.o
LOAD ./Middlewares/Third_Party/FreeRTOS/Source/CMSIS_RTOS_V2/cmsis_os2.o
LOAD ./Middlewares/Third_Party/FreeRTOS/Source/croutine.o
LOAD ./Middlewares/Third_Party/FreeRTOS/Source/event_groups.o
LOAD ./Middlewares/Third_Party/FreeRTOS/Source/list.o
LOAD ./Middlewares/Third_Party/FreeRTOS/Source/queue.o
LOAD ./Middlewares/Third_Party/FreeRTOS/Source/stream_buffer.o
LOAD ./Middlewares/Third_Party/FreeRTOS/Source/tasks.o
LOAD ./Middlewares/Third_Party/FreeRTOS/Source/timers.o
LOAD ./Middlewares/Third_Party/FreeRTOS/Source/portable/GCC/ARM_CM4F/port.o
LOAD ./Middlewares/Third_Party/FreeRTOS/Source/portable/MemMang/heap_4.o
START GROUP
LOAD C:/ST/STM32CubeIDE_1.14.1/STM32CubeIDE/plugins/com.st.stm32cube.ide.mcu.externaltools.gnu-tools-for-stm32.11.3.rel1.win32_1.1.100.202309141235/tools/bin/../lib/gcc/arm-none-eabi/11.3.1/../../../../arm-none-eabi/lib/thumb/v7e-m+fp/hard\libc_nano.a
LOAD C:/ST/STM32CubeIDE_1.14.1/STM32CubeIDE/plugins/com.st.stm32cube.ide.mcu.externaltools.gnu-tools-for-stm32.11.3.rel1.win32_1.1.100.202309141235/tools/bin/../lib/gcc/arm-none-eabi/11.3.1/../../../../arm-none-eabi/lib/thumb/v7e-m+fp/hard\libm.a
END GROUP
START GROUP
LOAD C:/ST/STM32CubeIDE_1.14.1/STM32CubeIDE/plugins/com.st.stm32cube.ide.mcu.externaltools.gnu-tools-for-stm32.11.3.rel1.win32_1.1.100.202309141235/tools/bin/../lib/gcc/arm-none-eabi/11.3.1/thumb/v7e-m+fp/hard\libgcc.a
LOAD C:/ST/STM32CubeIDE_1.14.1/STM32CubeIDE/plugins/com.st.stm32cube.ide.mcu.externaltools.gnu-tools-for-stm32.11.3.rel1.win32_1.1.100.202309141235/tools/bin/../lib/gcc/arm-none-eabi/11.3.1/../../../../arm-none-eabi/lib/thumb/v7e-m+fp/hard\libc_nano.a
END GROUP
START GROUP
LOAD C:/ST/STM32CubeIDE_1.14.1/STM32CubeIDE/plugins/com.st.stm32cube.ide.mcu.externaltools.gnu-tools-for-stm32.11.3.rel1.win32_1.1.100.202309141235/tools/bin/../lib/gcc/arm-none-eabi/11.3.1/thumb/v7e-m+fp/hard\libgcc.a
LOAD C:/ST/STM32CubeIDE_1.14.1/STM32CubeIDE/plugins/com.st.stm32cube.ide.mcu.externaltools.gnu-tools-for-stm32.11.3.rel1.win32_1.1.100.202309141235/tools/bin/../lib/gcc/arm-none-eabi/11.3.1/../../../../arm-none-eabi/lib/thumb/v7e-m+fp/hard\libc_nano.a
LOAD C:/ST/STM32CubeIDE_1.14.1/STM32CubeIDE/plugins/com.st.stm32cube.ide.mcu.externaltools.gnu-tools-for-stm32.11.3.rel1.win32_1.1.100.202309141235/tools/bin/../lib/gcc/arm-none-eabi/11.3.1/../../../../arm-none-eabi/lib/thumb/v7e-m+fp/hard\libnosys.a
END GROUP
START GROUP
LOAD C:/ST/STM32CubeIDE_1.14.1/STM32CubeIDE/plugins/com.st.stm32cube.ide.mcu.externaltools.gnu-tools-for-stm32.11.3.rel1.win32_1.1.100.202309141235/tools/bin/../lib/gcc/arm-none-eabi/11.3.1/thumb/v7e-m+fp/hard\libgcc.a
LOAD C:/ST/STM32CubeIDE_1.14.1/STM32CubeIDE/plugins/com.st.stm32cube.ide.mcu.externaltools.gnu-tools-for-stm32.11.3.rel1.win32_1.1.100.202309141235/tools/bin/../lib/gcc/arm-none-eabi/11.3.1/../../../../arm-none-eabi/lib/thumb/v7e-m+fp/hard\libc_nano.a
LOAD C:/ST/STM32CubeIDE_1.14.1/STM32CubeIDE/plugins/com.st.stm32cube.ide.mcu.externaltools.gnu-tools-for-stm32.11.3.rel1.win32_1.1.100.202309141235/tools/bin/../lib/gcc/arm-none-eabi/11.3.1/../../../../arm-none-eabi/lib/thumb/v7e-m+fp/hard\libnosys.a
END GROUP
LOAD C:/ST/STM32CubeIDE_1.14.1/STM32CubeIDE/plugins/com.st.stm32cube.ide.mcu.externaltools.gnu-tools-for-stm32.11.3.rel1.win32_1.1.100.202309141235/tools/bin/../lib/gcc/arm-none-eabi/11.3.1/thumb/v7e-m+fp/hard/crtend.o
LOAD C:/ST/STM32CubeIDE_1.14.1/STM32CubeIDE/plugins/com.st.stm32cube.ide.mcu.externaltools.gnu-tools-for-stm32.11.3.rel1.win32_1.1.100.202309141235/tools/bin/../lib/gcc/arm-none-eabi/11.3.1/thumb/v7e-m+fp/hard/crtn.o
                0x0000000020010000                _estack = (ORIGIN (RAM) + LENGTH (RAM))
                0x0000000000000200                _Min_Heap_Size = 0x200
                0x0000000000000400                _Min_Stack_Size = 0x400

.isr_vector     0x0000000008000000      0x194
                0x0000000008000000                . = ALIGN (0x4)
 *(.isr_vector)
 .isr_vector    0x0000000008000000      0x194 ./Core/Startup/startup_stm32f303retx.o
                0x0000000008000000                g_pfnVectors
                0x0000000008000194                . = ALIGN (0x4)

.text           0x00000000080001a0     0x75f8
                0x00000000080001a0                . = ALIGN (0x4)
 *(.text)
 .text          0x00000000080001a0       0x40 C:/ST/STM32CubeIDE_1.14.1/STM32CubeIDE/plugins/com.st.stm32cube.ide.mcu.externaltools.gnu-tools-for-stm32.11.3.rel1.win32_1.1.100.202309141235/tools/bin/../lib/gcc/arm-none-eabi/11.3.1/thumb/v7e-m+fp/hard/crtbegin.o
 *(.text*)
 .text.crc_xor  0x00000000080001e0       0x4c ./Core/Src/crc_driver.o
                0x00000000080001e0                crc_xor
 .text.crc_division
                0x000000000800022c       0xf4 ./Core/Src/crc_driver.o
                0x000000000800022c                crc_division
 .text.__NVIC_GetPriorityGrouping
                0x0000000008000320       0x1c ./Core/Src/main.o
 .text.__NVIC_EnableIRQ
                0x000000000800033c       0x3c ./Core/Src/main.o
 .text.__NVIC_SetPriority
                0x0000000008000378       0x54 ./Core/Src/main.o
 .text.NVIC_EncodePriority
                0x00000000080003cc       0x66 ./Core/Src/main.o
 .text.LL_TIM_EnableCounter
                0x0000000008000432       0x20 ./Core/Src/main.o
 .text.LL_TIM_DisableCounter
                0x0000000008000452       0x20 ./Core/Src/main.o
 .text.LL_TIM_DisableARRPreload
                0x0000000008000472       0x20 ./Core/Src/main.o
 .text.LL_TIM_ClearFlag_UPDATE
                0x0000000008000492       0x1c ./Core/Src/main.o
 .text.LL_TIM_IsActiveFlag_UPDATE
                0x00000000080004ae       0x26 ./Core/Src/main.o
 .text.LL_TIM_GenerateEvent_UPDATE
                0x00000000080004d4       0x20 ./Core/Src/main.o
 .text.LL_APB2_GRP1_EnableClock
                0x00000000080004f4       0x30 ./Core/Src/main.o
 .text.HAL_UARTEx_RxEventCallback
                0x0000000008000524       0x30 ./Core/Src/main.o
                0x0000000008000524                HAL_UARTEx_RxEventCallback
 .text.crc_decode
                0x0000000008000554       0xc0 ./Core/Src/main.o
                0x0000000008000554                crc_decode
 .text.main     0x0000000008000614       0x80 ./Core/Src/main.o
                0x0000000008000614                main
 .text.SystemClock_Config
                0x0000000008000694       0xb4 ./Core/Src/main.o
                0x0000000008000694                SystemClock_Config
 .text.MX_TIM16_Init
                0x0000000008000748       0x7c ./Core/Src/main.o
 .text.MX_TIM17_Init
                0x00000000080007c4       0x70 ./Core/Src/main.o
 .text.MX_USART1_UART_Init
                0x0000000008000834       0x60 ./Core/Src/main.o
 .text.MX_USART2_UART_Init
                0x0000000008000894       0x60 ./Core/Src/main.o
 .text.MX_WWDG_Init
                0x00000000080008f4       0x40 ./Core/Src/main.o
 .text.MX_GPIO_Init
                0x0000000008000934       0xc4 ./Core/Src/main.o
 .text.StartRelays01
                0x00000000080009f8      0x1dc ./Core/Src/main.o
                0x00000000080009f8                StartRelays01
 .text.StartWatchdog02
                0x0000000008000bd4       0x48 ./Core/Src/main.o
                0x0000000008000bd4                StartWatchdog02
 .text.HAL_TIM_PeriodElapsedCallback
                0x0000000008000c1c       0x24 ./Core/Src/main.o
                0x0000000008000c1c                HAL_TIM_PeriodElapsedCallback
 .text.Error_Handler
                0x0000000008000c40        0xa ./Core/Src/main.o
                0x0000000008000c40                Error_Handler
 *fill*         0x0000000008000c4a        0x2 
 .text.HAL_MspInit
                0x0000000008000c4c       0x50 ./Core/Src/stm32f3xx_hal_msp.o
                0x0000000008000c4c                HAL_MspInit
 .text.HAL_UART_MspInit
                0x0000000008000c9c      0x108 ./Core/Src/stm32f3xx_hal_msp.o
                0x0000000008000c9c                HAL_UART_MspInit
 .text.HAL_WWDG_MspInit
                0x0000000008000da4       0x40 ./Core/Src/stm32f3xx_hal_msp.o
                0x0000000008000da4                HAL_WWDG_MspInit
 .text.HAL_InitTick
                0x0000000008000de4       0xf4 ./Core/Src/stm32f3xx_hal_timebase_tim.o
                0x0000000008000de4                HAL_InitTick
 .text.NMI_Handler
                0x0000000008000ed8        0x6 ./Core/Src/stm32f3xx_it.o
                0x0000000008000ed8                NMI_Handler
 .text.HardFault_Handler
                0x0000000008000ede        0x6 ./Core/Src/stm32f3xx_it.o
                0x0000000008000ede                HardFault_Handler
 .text.MemManage_Handler
                0x0000000008000ee4        0x6 ./Core/Src/stm32f3xx_it.o
                0x0000000008000ee4                MemManage_Handler
 .text.BusFault_Handler
                0x0000000008000eea        0x6 ./Core/Src/stm32f3xx_it.o
                0x0000000008000eea                BusFault_Handler
 .text.UsageFault_Handler
                0x0000000008000ef0        0x6 ./Core/Src/stm32f3xx_it.o
                0x0000000008000ef0                UsageFault_Handler
 .text.DebugMon_Handler
                0x0000000008000ef6        0xe ./Core/Src/stm32f3xx_it.o
                0x0000000008000ef6                DebugMon_Handler
 .text.TIM1_UP_TIM16_IRQHandler
                0x0000000008000f04        0xe ./Core/Src/stm32f3xx_it.o
                0x0000000008000f04                TIM1_UP_TIM16_IRQHandler
 .text.TIM1_TRG_COM_TIM17_IRQHandler
                0x0000000008000f12        0xe ./Core/Src/stm32f3xx_it.o
                0x0000000008000f12                TIM1_TRG_COM_TIM17_IRQHandler
 .text.USART1_IRQHandler
                0x0000000008000f20       0x14 ./Core/Src/stm32f3xx_it.o
                0x0000000008000f20                USART1_IRQHandler
 .text.USART2_IRQHandler
                0x0000000008000f34       0x14 ./Core/Src/stm32f3xx_it.o
                0x0000000008000f34                USART2_IRQHandler
 .text.TIM6_DAC_IRQHandler
                0x0000000008000f48       0x14 ./Core/Src/stm32f3xx_it.o
                0x0000000008000f48                TIM6_DAC_IRQHandler
 .text.SystemInit
                0x0000000008000f5c       0x24 ./Core/Src/system_stm32f3xx.o
                0x0000000008000f5c                SystemInit
 .text.Reset_Handler
                0x0000000008000f80       0x50 ./Core/Startup/startup_stm32f303retx.o
                0x0000000008000f80                Reset_Handler
 .text.Default_Handler
                0x0000000008000fd0        0x2 ./Core/Startup/startup_stm32f303retx.o
                0x0000000008000fd0                RTC_Alarm_IRQHandler
                0x0000000008000fd0                TIM8_TRG_COM_IRQHandler
                0x0000000008000fd0                TIM8_CC_IRQHandler
                0x0000000008000fd0                SPI4_IRQHandler
                0x0000000008000fd0                TIM1_CC_IRQHandler
                0x0000000008000fd0                USB_HP_IRQHandler
                0x0000000008000fd0                PVD_IRQHandler
                0x0000000008000fd0                TAMP_STAMP_IRQHandler
                0x0000000008000fd0                EXTI3_IRQHandler
                0x0000000008000fd0                I2C3_ER_IRQHandler
                0x0000000008000fd0                USB_HP_CAN_TX_IRQHandler
                0x0000000008000fd0                EXTI0_IRQHandler
                0x0000000008000fd0                I2C2_EV_IRQHandler
                0x0000000008000fd0                FPU_IRQHandler
                0x0000000008000fd0                ADC1_2_IRQHandler
                0x0000000008000fd0                SPI1_IRQHandler
                0x0000000008000fd0                CAN_SCE_IRQHandler
                0x0000000008000fd0                TIM8_UP_IRQHandler
                0x0000000008000fd0                DMA2_Channel2_IRQHandler
                0x0000000008000fd0                DMA1_Channel4_IRQHandler
                0x0000000008000fd0                TIM20_TRG_COM_IRQHandler
                0x0000000008000fd0                USART3_IRQHandler
                0x0000000008000fd0                DMA1_Channel7_IRQHandler
                0x0000000008000fd0                UART5_IRQHandler
                0x0000000008000fd0                ADC3_IRQHandler
                0x0000000008000fd0                TIM4_IRQHandler
                0x0000000008000fd0                CAN_RX1_IRQHandler
                0x0000000008000fd0                DMA2_Channel1_IRQHandler
                0x0000000008000fd0                I2C1_EV_IRQHandler
                0x0000000008000fd0                DMA1_Channel6_IRQHandler
                0x0000000008000fd0                UART4_IRQHandler
                0x0000000008000fd0                DMA2_Channel4_IRQHandler
                0x0000000008000fd0                TIM3_IRQHandler
                0x0000000008000fd0                RCC_IRQHandler
                0x0000000008000fd0                TIM20_UP_IRQHandler
                0x0000000008000fd0                DMA1_Channel1_IRQHandler
                0x0000000008000fd0                Default_Handler
                0x0000000008000fd0                USBWakeUp_RMP_IRQHandler
                0x0000000008000fd0                EXTI15_10_IRQHandler
                0x0000000008000fd0                TIM7_IRQHandler
                0x0000000008000fd0                I2C3_EV_IRQHandler
                0x0000000008000fd0                EXTI9_5_IRQHandler
                0x0000000008000fd0                RTC_WKUP_IRQHandler
                0x0000000008000fd0                SPI2_IRQHandler
                0x0000000008000fd0                USB_LP_CAN_RX0_IRQHandler
                0x0000000008000fd0                DMA2_Channel5_IRQHandler
                0x0000000008000fd0                DMA1_Channel5_IRQHandler
                0x0000000008000fd0                USB_LP_IRQHandler
                0x0000000008000fd0                EXTI4_IRQHandler
                0x0000000008000fd0                DMA1_Channel3_IRQHandler
                0x0000000008000fd0                ADC4_IRQHandler
                0x0000000008000fd0                WWDG_IRQHandler
                0x0000000008000fd0                TIM2_IRQHandler
                0x0000000008000fd0                COMP7_IRQHandler
                0x0000000008000fd0                COMP1_2_3_IRQHandler
                0x0000000008000fd0                EXTI1_IRQHandler
                0x0000000008000fd0                COMP4_5_6_IRQHandler
                0x0000000008000fd0                TIM20_BRK_IRQHandler
                0x0000000008000fd0                I2C2_ER_IRQHandler
                0x0000000008000fd0                DMA1_Channel2_IRQHandler
                0x0000000008000fd0                TIM8_BRK_IRQHandler
                0x0000000008000fd0                FLASH_IRQHandler
                0x0000000008000fd0                TIM20_CC_IRQHandler
                0x0000000008000fd0                SPI3_IRQHandler
                0x0000000008000fd0                I2C1_ER_IRQHandler
                0x0000000008000fd0                FMC_IRQHandler
                0x0000000008000fd0                USBWakeUp_IRQHandler
                0x0000000008000fd0                DMA2_Channel3_IRQHandler
                0x0000000008000fd0                EXTI2_TSC_IRQHandler
                0x0000000008000fd0                TIM1_BRK_TIM15_IRQHandler
 *fill*         0x0000000008000fd2        0x2 
 .text.HAL_Init
                0x0000000008000fd4       0x2c ./Drivers/STM32F3xx_HAL_Driver/Src/stm32f3xx_hal.o
                0x0000000008000fd4                HAL_Init
 .text.HAL_IncTick
                0x0000000008001000       0x28 ./Drivers/STM32F3xx_HAL_Driver/Src/stm32f3xx_hal.o
                0x0000000008001000                HAL_IncTick
 .text.HAL_GetTick
                0x0000000008001028       0x18 ./Drivers/STM32F3xx_HAL_Driver/Src/stm32f3xx_hal.o
                0x0000000008001028                HAL_GetTick
 .text.__NVIC_SetPriorityGrouping
                0x0000000008001040       0x48 ./Drivers/STM32F3xx_HAL_Driver/Src/stm32f3xx_hal_cortex.o
 .text.__NVIC_GetPriorityGrouping
                0x0000000008001088       0x1c ./Drivers/STM32F3xx_HAL_Driver/Src/stm32f3xx_hal_cortex.o
 .text.__NVIC_EnableIRQ
                0x00000000080010a4       0x3c ./Drivers/STM32F3xx_HAL_Driver/Src/stm32f3xx_hal_cortex.o
 .text.__NVIC_SetPriority
                0x00000000080010e0       0x54 ./Drivers/STM32F3xx_HAL_Driver/Src/stm32f3xx_hal_cortex.o
 .text.NVIC_EncodePriority
                0x0000000008001134       0x66 ./Drivers/STM32F3xx_HAL_Driver/Src/stm32f3xx_hal_cortex.o
 .text.HAL_NVIC_SetPriorityGrouping
                0x000000000800119a       0x16 ./Drivers/STM32F3xx_HAL_Driver/Src/stm32f3xx_hal_cortex.o
                0x000000000800119a                HAL_NVIC_SetPriorityGrouping
 .text.HAL_NVIC_SetPriority
                0x00000000080011b0       0x38 ./Drivers/STM32F3xx_HAL_Driver/Src/stm32f3xx_hal_cortex.o
                0x00000000080011b0                HAL_NVIC_SetPriority
 .text.HAL_NVIC_EnableIRQ
                0x00000000080011e8       0x1c ./Drivers/STM32F3xx_HAL_Driver/Src/stm32f3xx_hal_cortex.o
                0x00000000080011e8                HAL_NVIC_EnableIRQ
 .text.HAL_DMA_Abort
                0x0000000008001204       0x72 ./Drivers/STM32F3xx_HAL_Driver/Src/stm32f3xx_hal_dma.o
                0x0000000008001204                HAL_DMA_Abort
 .text.HAL_DMA_Abort_IT
                0x0000000008001276       0x7c ./Drivers/STM32F3xx_HAL_Driver/Src/stm32f3xx_hal_dma.o
                0x0000000008001276                HAL_DMA_Abort_IT
 *fill*         0x00000000080012f2        0x2 
 .text.HAL_GPIO_Init
                0x00000000080012f4      0x314 ./Drivers/STM32F3xx_HAL_Driver/Src/stm32f3xx_hal_gpio.o
                0x00000000080012f4                HAL_GPIO_Init
 .text.HAL_GPIO_WritePin
                0x0000000008001608       0x30 ./Drivers/STM32F3xx_HAL_Driver/Src/stm32f3xx_hal_gpio.o
                0x0000000008001608                HAL_GPIO_WritePin
 .text.HAL_RCC_OscConfig
                0x0000000008001638     0x10a8 ./Drivers/STM32F3xx_HAL_Driver/Src/stm32f3xx_hal_rcc.o
                0x0000000008001638                HAL_RCC_OscConfig
 .text.HAL_RCC_ClockConfig
                0x00000000080026e0      0x2f8 ./Drivers/STM32F3xx_HAL_Driver/Src/stm32f3xx_hal_rcc.o
                0x00000000080026e0                HAL_RCC_ClockConfig
 .text.HAL_RCC_GetSysClockFreq
                0x00000000080029d8       0xd4 ./Drivers/STM32F3xx_HAL_Driver/Src/stm32f3xx_hal_rcc.o
                0x00000000080029d8                HAL_RCC_GetSysClockFreq
 .text.HAL_RCC_GetHCLKFreq
                0x0000000008002aac       0x18 ./Drivers/STM32F3xx_HAL_Driver/Src/stm32f3xx_hal_rcc.o
                0x0000000008002aac                HAL_RCC_GetHCLKFreq
 .text.HAL_RCC_GetPCLK1Freq
                0x0000000008002ac4       0x44 ./Drivers/STM32F3xx_HAL_Driver/Src/stm32f3xx_hal_rcc.o
                0x0000000008002ac4                HAL_RCC_GetPCLK1Freq
 .text.HAL_RCC_GetPCLK2Freq
                0x0000000008002b08       0x44 ./Drivers/STM32F3xx_HAL_Driver/Src/stm32f3xx_hal_rcc.o
                0x0000000008002b08                HAL_RCC_GetPCLK2Freq
 .text.HAL_RCC_GetClockConfig
                0x0000000008002b4c       0x64 ./Drivers/STM32F3xx_HAL_Driver/Src/stm32f3xx_hal_rcc.o
                0x0000000008002b4c                HAL_RCC_GetClockConfig
 .text.HAL_RCCEx_PeriphCLKConfig
                0x0000000008002bb0      0x43c ./Drivers/STM32F3xx_HAL_Driver/Src/stm32f3xx_hal_rcc_ex.o
                0x0000000008002bb0                HAL_RCCEx_PeriphCLKConfig
 .text.HAL_TIM_Base_Init
                0x0000000008002fec       0xae ./Drivers/STM32F3xx_HAL_Driver/Src/stm32f3xx_hal_tim.o
                0x0000000008002fec                HAL_TIM_Base_Init
 .text.HAL_TIM_Base_MspInit
                0x000000000800309a       0x14 ./Drivers/STM32F3xx_HAL_Driver/Src/stm32f3xx_hal_tim.o
                0x000000000800309a                HAL_TIM_Base_MspInit
 *fill*         0x00000000080030ae        0x2 
 .text.HAL_TIM_Base_Start_IT
                0x00000000080030b0       0xe0 ./Drivers/STM32F3xx_HAL_Driver/Src/stm32f3xx_hal_tim.o
                0x00000000080030b0                HAL_TIM_Base_Start_IT
 .text.HAL_TIM_IRQHandler
                0x0000000008003190      0x23e ./Drivers/STM32F3xx_HAL_Driver/Src/stm32f3xx_hal_tim.o
                0x0000000008003190                HAL_TIM_IRQHandler
 .text.HAL_TIM_OC_DelayElapsedCallback
                0x00000000080033ce       0x14 ./Drivers/STM32F3xx_HAL_Driver/Src/stm32f3xx_hal_tim.o
                0x00000000080033ce                HAL_TIM_OC_DelayElapsedCallback
 .text.HAL_TIM_IC_CaptureCallback
                0x00000000080033e2       0x14 ./Drivers/STM32F3xx_HAL_Driver/Src/stm32f3xx_hal_tim.o
                0x00000000080033e2                HAL_TIM_IC_CaptureCallback
 .text.HAL_TIM_PWM_PulseFinishedCallback
                0x00000000080033f6       0x14 ./Drivers/STM32F3xx_HAL_Driver/Src/stm32f3xx_hal_tim.o
                0x00000000080033f6                HAL_TIM_PWM_PulseFinishedCallback
 .text.HAL_TIM_TriggerCallback
                0x000000000800340a       0x14 ./Drivers/STM32F3xx_HAL_Driver/Src/stm32f3xx_hal_tim.o
                0x000000000800340a                HAL_TIM_TriggerCallback
 *fill*         0x000000000800341e        0x2 
 .text.TIM_Base_SetConfig
                0x0000000008003420      0x13c ./Drivers/STM32F3xx_HAL_Driver/Src/stm32f3xx_hal_tim.o
                0x0000000008003420                TIM_Base_SetConfig
 .text.HAL_TIMEx_CommutCallback
                0x000000000800355c       0x14 ./Drivers/STM32F3xx_HAL_Driver/Src/stm32f3xx_hal_tim_ex.o
                0x000000000800355c                HAL_TIMEx_CommutCallback
 .text.HAL_TIMEx_BreakCallback
                0x0000000008003570       0x14 ./Drivers/STM32F3xx_HAL_Driver/Src/stm32f3xx_hal_tim_ex.o
                0x0000000008003570                HAL_TIMEx_BreakCallback
 .text.HAL_TIMEx_Break2Callback
                0x0000000008003584       0x14 ./Drivers/STM32F3xx_HAL_Driver/Src/stm32f3xx_hal_tim_ex.o
                0x0000000008003584                HAL_TIMEx_Break2Callback
 .text.HAL_UART_Init
                0x0000000008003598       0x9c ./Drivers/STM32F3xx_HAL_Driver/Src/stm32f3xx_hal_uart.o
                0x0000000008003598                HAL_UART_Init
 .text.HAL_UART_Transmit
                0x0000000008003634      0x114 ./Drivers/STM32F3xx_HAL_Driver/Src/stm32f3xx_hal_uart.o
                0x0000000008003634                HAL_UART_Transmit
 .text.HAL_UART_IRQHandler
                0x0000000008003748      0x5cc ./Drivers/STM32F3xx_HAL_Driver/Src/stm32f3xx_hal_uart.o
                0x0000000008003748                HAL_UART_IRQHandler
 .text.HAL_UART_TxCpltCallback
                0x0000000008003d14       0x14 ./Drivers/STM32F3xx_HAL_Driver/Src/stm32f3xx_hal_uart.o
                0x0000000008003d14                HAL_UART_TxCpltCallback
 .text.HAL_UART_RxCpltCallback
                0x0000000008003d28       0x14 ./Drivers/STM32F3xx_HAL_Driver/Src/stm32f3xx_hal_uart.o
                0x0000000008003d28                HAL_UART_RxCpltCallback
 .text.HAL_UART_ErrorCallback
                0x0000000008003d3c       0x14 ./Drivers/STM32F3xx_HAL_Driver/Src/stm32f3xx_hal_uart.o
                0x0000000008003d3c                HAL_UART_ErrorCallback
 .text.UART_SetConfig
                0x0000000008003d50      0x3a8 ./Drivers/STM32F3xx_HAL_Driver/Src/stm32f3xx_hal_uart.o
                0x0000000008003d50                UART_SetConfig
 .text.UART_AdvFeatureConfig
                0x00000000080040f8      0x144 ./Drivers/STM32F3xx_HAL_Driver/Src/stm32f3xx_hal_uart.o
                0x00000000080040f8                UART_AdvFeatureConfig
 .text.UART_CheckIdleState
                0x000000000800423c      0x150 ./Drivers/STM32F3xx_HAL_Driver/Src/stm32f3xx_hal_uart.o
                0x000000000800423c                UART_CheckIdleState
 .text.UART_WaitOnFlagUntilTimeout
                0x000000000800438c       0xce ./Drivers/STM32F3xx_HAL_Driver/Src/stm32f3xx_hal_uart.o
                0x000000000800438c                UART_WaitOnFlagUntilTimeout
 *fill*         0x000000000800445a        0x2 
 .text.UART_Start_Receive_IT
                0x000000000800445c      0x18c ./Drivers/STM32F3xx_HAL_Driver/Src/stm32f3xx_hal_uart.o
                0x000000000800445c                UART_Start_Receive_IT
 .text.UART_EndRxTransfer
                0x00000000080045e8       0xc8 ./Drivers/STM32F3xx_HAL_Driver/Src/stm32f3xx_hal_uart.o
 .text.UART_DMAAbortOnError
                0x00000000080046b0       0x2c ./Drivers/STM32F3xx_HAL_Driver/Src/stm32f3xx_hal_uart.o
 .text.UART_EndTransmit_IT
                0x00000000080046dc       0x54 ./Drivers/STM32F3xx_HAL_Driver/Src/stm32f3xx_hal_uart.o
 .text.UART_RxISR_8BIT
                0x0000000008004730      0x1a8 ./Drivers/STM32F3xx_HAL_Driver/Src/stm32f3xx_hal_uart.o
 .text.UART_RxISR_16BIT
                0x00000000080048d8      0x1a8 ./Drivers/STM32F3xx_HAL_Driver/Src/stm32f3xx_hal_uart.o
 .text.HAL_UARTEx_WakeupCallback
                0x0000000008004a80       0x14 ./Drivers/STM32F3xx_HAL_Driver/Src/stm32f3xx_hal_uart_ex.o
                0x0000000008004a80                HAL_UARTEx_WakeupCallback
 .text.HAL_UARTEx_ReceiveToIdle_IT
                0x0000000008004a94       0xa8 ./Drivers/STM32F3xx_HAL_Driver/Src/stm32f3xx_hal_uart_ex.o
                0x0000000008004a94                HAL_UARTEx_ReceiveToIdle_IT
 .text.HAL_WWDG_Init
                0x0000000008004b3c       0x48 ./Drivers/STM32F3xx_HAL_Driver/Src/stm32f3xx_hal_wwdg.o
                0x0000000008004b3c                HAL_WWDG_Init
 .text.HAL_WWDG_Refresh
                0x0000000008004b84       0x20 ./Drivers/STM32F3xx_HAL_Driver/Src/stm32f3xx_hal_wwdg.o
                0x0000000008004b84                HAL_WWDG_Refresh
 .text.LL_TIM_SetPrescaler
                0x0000000008004ba4       0x1c ./Drivers/STM32F3xx_HAL_Driver/Src/stm32f3xx_ll_tim.o
 .text.LL_TIM_SetAutoReload
                0x0000000008004bc0       0x1c ./Drivers/STM32F3xx_HAL_Driver/Src/stm32f3xx_ll_tim.o
 .text.LL_TIM_SetRepetitionCounter
                0x0000000008004bdc       0x1c ./Drivers/STM32F3xx_HAL_Driver/Src/stm32f3xx_ll_tim.o
 .text.LL_TIM_GenerateEvent_UPDATE
                0x0000000008004bf8       0x20 ./Drivers/STM32F3xx_HAL_Driver/Src/stm32f3xx_ll_tim.o
 .text.LL_TIM_Init
                0x0000000008004c18      0x130 ./Drivers/STM32F3xx_HAL_Driver/Src/stm32f3xx_ll_tim.o
                0x0000000008004c18                LL_TIM_Init
 .text.osKernelInitialize
                0x0000000008004d48       0x68 ./Middlewares/Third_Party/FreeRTOS/Source/CMSIS_RTOS_V2/cmsis_os2.o
                0x0000000008004d48                osKernelInitialize
 .text.osKernelStart
                0x0000000008004db0       0x68 ./Middlewares/Third_Party/FreeRTOS/Source/CMSIS_RTOS_V2/cmsis_os2.o
                0x0000000008004db0                osKernelStart
 .text.osThreadNew
                0x0000000008004e18      0x154 ./Middlewares/Third_Party/FreeRTOS/Source/CMSIS_RTOS_V2/cmsis_os2.o
                0x0000000008004e18                osThreadNew
 .text.vApplicationGetIdleTaskMemory
                0x0000000008004f6c       0x34 ./Middlewares/Third_Party/FreeRTOS/Source/CMSIS_RTOS_V2/cmsis_os2.o
                0x0000000008004f6c                vApplicationGetIdleTaskMemory
 .text.vApplicationGetTimerTaskMemory
                0x0000000008004fa0       0x34 ./Middlewares/Third_Party/FreeRTOS/Source/CMSIS_RTOS_V2/cmsis_os2.o
                0x0000000008004fa0                vApplicationGetTimerTaskMemory
 .text.vListInitialise
                0x0000000008004fd4       0x40 ./Middlewares/Third_Party/FreeRTOS/Source/list.o
                0x0000000008004fd4                vListInitialise
 .text.vListInitialiseItem
                0x0000000008005014       0x1a ./Middlewares/Third_Party/FreeRTOS/Source/list.o
                0x0000000008005014                vListInitialiseItem
 .text.vListInsertEnd
                0x000000000800502e       0x48 ./Middlewares/Third_Party/FreeRTOS/Source/list.o
                0x000000000800502e                vListInsertEnd
 .text.vListInsert
                0x0000000008005076       0x72 ./Middlewares/Third_Party/FreeRTOS/Source/list.o
                0x0000000008005076                vListInsert
 .text.uxListRemove
                0x00000000080050e8       0x54 ./Middlewares/Third_Party/FreeRTOS/Source/list.o
                0x00000000080050e8                uxListRemove
 .text.xQueueGenericReset
                0x000000000800513c       0xd0 ./Middlewares/Third_Party/FreeRTOS/Source/queue.o
                0x000000000800513c                xQueueGenericReset
 .text.xQueueGenericCreateStatic
                0x000000000800520c       0xee ./Middlewares/Third_Party/FreeRTOS/Source/queue.o
                0x000000000800520c                xQueueGenericCreateStatic
 .text.prvInitialiseNewQueue
                0x00000000080052fa       0x46 ./Middlewares/Third_Party/FreeRTOS/Source/queue.o
 .text.xQueueGenericSend
                0x0000000008005340      0x1fc ./Middlewares/Third_Party/FreeRTOS/Source/queue.o
                0x0000000008005340                xQueueGenericSend
 .text.xQueueGenericSendFromISR
                0x000000000800553c      0x130 ./Middlewares/Third_Party/FreeRTOS/Source/queue.o
                0x000000000800553c                xQueueGenericSendFromISR
 .text.xQueueReceive
                0x000000000800566c      0x1c0 ./Middlewares/Third_Party/FreeRTOS/Source/queue.o
                0x000000000800566c                xQueueReceive
 .text.prvCopyDataToQueue
                0x000000000800582c       0xd4 ./Middlewares/Third_Party/FreeRTOS/Source/queue.o
 .text.prvCopyDataFromQueue
                0x0000000008005900       0x4c ./Middlewares/Third_Party/FreeRTOS/Source/queue.o
 .text.prvUnlockQueue
                0x000000000800594c       0xa4 ./Middlewares/Third_Party/FreeRTOS/Source/queue.o
 .text.prvIsQueueEmpty
                0x00000000080059f0       0x2c ./Middlewares/Third_Party/FreeRTOS/Source/queue.o
 .text.prvIsQueueFull
                0x0000000008005a1c       0x30 ./Middlewares/Third_Party/FreeRTOS/Source/queue.o
 .text.vQueueAddToRegistry
                0x0000000008005a4c       0x54 ./Middlewares/Third_Party/FreeRTOS/Source/queue.o
                0x0000000008005a4c                vQueueAddToRegistry
 .text.vQueueWaitForMessageRestricted
                0x0000000008005aa0       0x68 ./Middlewares/Third_Party/FreeRTOS/Source/queue.o
                0x0000000008005aa0                vQueueWaitForMessageRestricted
 .text.xTaskCreateStatic
                0x0000000008005b08       0xb8 ./Middlewares/Third_Party/FreeRTOS/Source/tasks.o
                0x0000000008005b08                xTaskCreateStatic
 .text.xTaskCreate
                0x0000000008005bc0       0x8a ./Middlewares/Third_Party/FreeRTOS/Source/tasks.o
                0x0000000008005bc0                xTaskCreate
 .text.prvInitialiseNewTask
                0x0000000008005c4a      0x10e ./Middlewares/Third_Party/FreeRTOS/Source/tasks.o
 .text.prvAddNewTaskToReadyList
                0x0000000008005d58       0xe0 ./Middlewares/Third_Party/FreeRTOS/Source/tasks.o
 .text.vTaskStartScheduler
                0x0000000008005e38       0xcc ./Middlewares/Third_Party/FreeRTOS/Source/tasks.o
                0x0000000008005e38                vTaskStartScheduler
 .text.vTaskSuspendAll
                0x0000000008005f04       0x1c ./Middlewares/Third_Party/FreeRTOS/Source/tasks.o
                0x0000000008005f04                vTaskSuspendAll
 .text.xTaskResumeAll
                0x0000000008005f20      0x13c ./Middlewares/Third_Party/FreeRTOS/Source/tasks.o
                0x0000000008005f20                xTaskResumeAll
 .text.xTaskGetTickCount
                0x000000000800605c       0x20 ./Middlewares/Third_Party/FreeRTOS/Source/tasks.o
                0x000000000800605c                xTaskGetTickCount
 .text.xTaskIncrementTick
                0x000000000800607c      0x17c ./Middlewares/Third_Party/FreeRTOS/Source/tasks.o
                0x000000000800607c                xTaskIncrementTick
 .text.vTaskSwitchContext
                0x00000000080061f8       0xbc ./Middlewares/Third_Party/FreeRTOS/Source/tasks.o
                0x00000000080061f8                vTaskSwitchContext
 .text.vTaskPlaceOnEventList
                0x00000000080062b4       0x48 ./Middlewares/Third_Party/FreeRTOS/Source/tasks.o
                0x00000000080062b4                vTaskPlaceOnEventList
 .text.vTaskPlaceOnEventListRestricted
                0x00000000080062fc       0x58 ./Middlewares/Third_Party/FreeRTOS/Source/tasks.o
                0x00000000080062fc                vTaskPlaceOnEventListRestricted
 .text.xTaskRemoveFromEventList
                0x0000000008006354       0xc8 ./Middlewares/Third_Party/FreeRTOS/Source/tasks.o
                0x0000000008006354                xTaskRemoveFromEventList
 .text.vTaskInternalSetTimeOutState
                0x000000000800641c       0x2c ./Middlewares/Third_Party/FreeRTOS/Source/tasks.o
                0x000000000800641c                vTaskInternalSetTimeOutState
 .text.xTaskCheckForTimeOut
                0x0000000008006448       0xc4 ./Middlewares/Third_Party/FreeRTOS/Source/tasks.o
                0x0000000008006448                xTaskCheckForTimeOut
 .text.vTaskMissedYield
                0x000000000800650c       0x18 ./Middlewares/Third_Party/FreeRTOS/Source/tasks.o
                0x000000000800650c                vTaskMissedYield
 .text.prvIdleTask
                0x0000000008006524       0x30 ./Middlewares/Third_Party/FreeRTOS/Source/tasks.o
 .text.prvInitialiseTaskLists
                0x0000000008006554       0x80 ./Middlewares/Third_Party/FreeRTOS/Source/tasks.o
 .text.prvCheckTasksWaitingTermination
                0x00000000080065d4       0x5c ./Middlewares/Third_Party/FreeRTOS/Source/tasks.o
 .text.prvDeleteTCB
                0x0000000008006630       0x5e ./Middlewares/Third_Party/FreeRTOS/Source/tasks.o
 *fill*         0x000000000800668e        0x2 
 .text.prvResetNextTaskUnblockTime
                0x0000000008006690       0x4c ./Middlewares/Third_Party/FreeRTOS/Source/tasks.o
 .text.xTaskGetSchedulerState
                0x00000000080066dc       0x3c ./Middlewares/Third_Party/FreeRTOS/Source/tasks.o
                0x00000000080066dc                xTaskGetSchedulerState
 .text.xTaskPriorityDisinherit
                0x0000000008006718       0xdc ./Middlewares/Third_Party/FreeRTOS/Source/tasks.o
                0x0000000008006718                xTaskPriorityDisinherit
 .text.prvAddCurrentTaskToDelayedList
                0x00000000080067f4       0xa8 ./Middlewares/Third_Party/FreeRTOS/Source/tasks.o
 .text.xTimerCreateTimerTask
                0x000000000800689c       0x90 ./Middlewares/Third_Party/FreeRTOS/Source/timers.o
                0x000000000800689c                xTimerCreateTimerTask
 .text.xTimerGenericCommand
                0x000000000800692c       0x9c ./Middlewares/Third_Party/FreeRTOS/Source/timers.o
                0x000000000800692c                xTimerGenericCommand
 .text.prvProcessExpiredTimer
                0x00000000080069c8       0x80 ./Middlewares/Third_Party/FreeRTOS/Source/timers.o
 .text.prvTimerTask
                0x0000000008006a48       0x24 ./Middlewares/Third_Party/FreeRTOS/Source/timers.o
 .text.prvProcessTimerOrBlockTask
                0x0000000008006a6c       0x9c ./Middlewares/Third_Party/FreeRTOS/Source/timers.o
 .text.prvGetNextExpireTime
                0x0000000008006b08       0x48 ./Middlewares/Third_Party/FreeRTOS/Source/timers.o
 .text.prvSampleTimeNow
                0x0000000008006b50       0x40 ./Middlewares/Third_Party/FreeRTOS/Source/timers.o
 .text.prvInsertTimerInActiveList
                0x0000000008006b90       0x84 ./Middlewares/Third_Party/FreeRTOS/Source/timers.o
 .text.prvProcessReceivedCommands
                0x0000000008006c14      0x168 ./Middlewares/Third_Party/FreeRTOS/Source/timers.o
 .text.prvSwitchTimerLists
                0x0000000008006d7c       0xc4 ./Middlewares/Third_Party/FreeRTOS/Source/timers.o
 .text.prvCheckForValidListAndQueue
                0x0000000008006e40       0x80 ./Middlewares/Third_Party/FreeRTOS/Source/timers.o
 .text.pxPortInitialiseStack
                0x0000000008006ec0       0x68 ./Middlewares/Third_Party/FreeRTOS/Source/portable/GCC/ARM_CM4F/port.o
                0x0000000008006ec0                pxPortInitialiseStack
 .text.prvTaskExitError
                0x0000000008006f28       0x58 ./Middlewares/Third_Party/FreeRTOS/Source/portable/GCC/ARM_CM4F/port.o
 .text.SVC_Handler
                0x0000000008006f80       0x28 ./Middlewares/Third_Party/FreeRTOS/Source/portable/GCC/ARM_CM4F/port.o
                0x0000000008006f80                SVC_Handler
 .text.prvPortStartFirstTask
                0x0000000008006fa8       0x28 ./Middlewares/Third_Party/FreeRTOS/Source/portable/GCC/ARM_CM4F/port.o
 .text.xPortStartScheduler
                0x0000000008006fd0      0x144 ./Middlewares/Third_Party/FreeRTOS/Source/portable/GCC/ARM_CM4F/port.o
                0x0000000008006fd0                xPortStartScheduler
 .text.vPortEnterCritical
                0x0000000008007114       0x60 ./Middlewares/Third_Party/FreeRTOS/Source/portable/GCC/ARM_CM4F/port.o
                0x0000000008007114                vPortEnterCritical
 .text.vPortExitCritical
                0x0000000008007174       0x54 ./Middlewares/Third_Party/FreeRTOS/Source/portable/GCC/ARM_CM4F/port.o
                0x0000000008007174                vPortExitCritical
 *fill*         0x00000000080071c8        0x8 
 .text.PendSV_Handler
                0x00000000080071d0       0x68 ./Middlewares/Third_Party/FreeRTOS/Source/portable/GCC/ARM_CM4F/port.o
                0x00000000080071d0                PendSV_Handler
 .text.SysTick_Handler
                0x0000000008007238       0x44 ./Middlewares/Third_Party/FreeRTOS/Source/portable/GCC/ARM_CM4F/port.o
                0x0000000008007238                SysTick_Handler
 .text.vPortSetupTimerInterrupt
                0x000000000800727c       0x48 ./Middlewares/Third_Party/FreeRTOS/Source/portable/GCC/ARM_CM4F/port.o
                0x000000000800727c                vPortSetupTimerInterrupt
 .text.vPortEnableVFP
                0x00000000080072c4       0x14 ./Middlewares/Third_Party/FreeRTOS/Source/portable/GCC/ARM_CM4F/port.o
 .text.vPortValidateInterruptPriority
                0x00000000080072d8       0x80 ./Middlewares/Third_Party/FreeRTOS/Source/portable/GCC/ARM_CM4F/port.o
                0x00000000080072d8                vPortValidateInterruptPriority
 .text.pvPortMalloc
                0x0000000008007358      0x188 ./Middlewares/Third_Party/FreeRTOS/Source/portable/MemMang/heap_4.o
                0x0000000008007358                pvPortMalloc
 .text.vPortFree
                0x00000000080074e0       0xb4 ./Middlewares/Third_Party/FreeRTOS/Source/portable/MemMang/heap_4.o
                0x00000000080074e0                vPortFree
 .text.prvHeapInit
                0x0000000008007594       0xc4 ./Middlewares/Third_Party/FreeRTOS/Source/portable/MemMang/heap_4.o
 .text.prvInsertBlockIntoFreeList
                0x0000000008007658       0xb4 ./Middlewares/Third_Party/FreeRTOS/Source/portable/MemMang/heap_4.o
 .text.memset   0x000000000800770c       0x10 C:/ST/STM32CubeIDE_1.14.1/STM32CubeIDE/plugins/com.st.stm32cube.ide.mcu.externaltools.gnu-tools-for-stm32.11.3.rel1.win32_1.1.100.202309141235/tools/bin/../lib/gcc/arm-none-eabi/11.3.1/../../../../arm-none-eabi/lib/thumb/v7e-m+fp/hard\libc_nano.a(libc_a-memset.o)
                0x000000000800770c                memset
 .text.__libc_init_array
                0x000000000800771c       0x48 C:/ST/STM32CubeIDE_1.14.1/STM32CubeIDE/plugins/com.st.stm32cube.ide.mcu.externaltools.gnu-tools-for-stm32.11.3.rel1.win32_1.1.100.202309141235/tools/bin/../lib/gcc/arm-none-eabi/11.3.1/../../../../arm-none-eabi/lib/thumb/v7e-m+fp/hard\libc_nano.a(libc_a-init.o)
                0x000000000800771c                __libc_init_array
 .text.memcpy   0x0000000008007764       0x1c C:/ST/STM32CubeIDE_1.14.1/STM32CubeIDE/plugins/com.st.stm32cube.ide.mcu.externaltools.gnu-tools-for-stm32.11.3.rel1.win32_1.1.100.202309141235/tools/bin/../lib/gcc/arm-none-eabi/11.3.1/../../../../arm-none-eabi/lib/thumb/v7e-m+fp/hard\libc_nano.a(libc_a-memcpy-stub.o)
                0x0000000008007764                memcpy
 *(.glue_7)
 .glue_7        0x0000000008007780        0x0 linker stubs
 *(.glue_7t)
 .glue_7t       0x0000000008007780        0x0 linker stubs
 *(.eh_frame)
 .eh_frame      0x0000000008007780        0x0 C:/ST/STM32CubeIDE_1.14.1/STM32CubeIDE/plugins/com.st.stm32cube.ide.mcu.externaltools.gnu-tools-for-stm32.11.3.rel1.win32_1.1.100.202309141235/tools/bin/../lib/gcc/arm-none-eabi/11.3.1/thumb/v7e-m+fp/hard/crtbegin.o
 *(.init)
 .init          0x0000000008007780        0x4 C:/ST/STM32CubeIDE_1.14.1/STM32CubeIDE/plugins/com.st.stm32cube.ide.mcu.externaltools.gnu-tools-for-stm32.11.3.rel1.win32_1.1.100.202309141235/tools/bin/../lib/gcc/arm-none-eabi/11.3.1/thumb/v7e-m+fp/hard/crti.o
                0x0000000008007780                _init
 .init          0x0000000008007784        0x8 C:/ST/STM32CubeIDE_1.14.1/STM32CubeIDE/plugins/com.st.stm32cube.ide.mcu.externaltools.gnu-tools-for-stm32.11.3.rel1.win32_1.1.100.202309141235/tools/bin/../lib/gcc/arm-none-eabi/11.3.1/thumb/v7e-m+fp/hard/crtn.o
 *(.fini)
 .fini          0x000000000800778c        0x4 C:/ST/STM32CubeIDE_1.14.1/STM32CubeIDE/plugins/com.st.stm32cube.ide.mcu.externaltools.gnu-tools-for-stm32.11.3.rel1.win32_1.1.100.202309141235/tools/bin/../lib/gcc/arm-none-eabi/11.3.1/thumb/v7e-m+fp/hard/crti.o
                0x000000000800778c                _fini
 .fini          0x0000000008007790        0x8 C:/ST/STM32CubeIDE_1.14.1/STM32CubeIDE/plugins/com.st.stm32cube.ide.mcu.externaltools.gnu-tools-for-stm32.11.3.rel1.win32_1.1.100.202309141235/tools/bin/../lib/gcc/arm-none-eabi/11.3.1/thumb/v7e-m+fp/hard/crtn.o
                0x0000000008007798                . = ALIGN (0x4)
                0x0000000008007798                _etext = .

.vfp11_veneer   0x0000000008007798        0x0
 .vfp11_veneer  0x0000000008007798        0x0 linker stubs

.v4_bx          0x0000000008007798        0x0
 .v4_bx         0x0000000008007798        0x0 linker stubs

.iplt           0x0000000008007798        0x0
 .iplt          0x0000000008007798        0x0 C:/ST/STM32CubeIDE_1.14.1/STM32CubeIDE/plugins/com.st.stm32cube.ide.mcu.externaltools.gnu-tools-for-stm32.11.3.rel1.win32_1.1.100.202309141235/tools/bin/../lib/gcc/arm-none-eabi/11.3.1/thumb/v7e-m+fp/hard/crtbegin.o

.rodata         0x0000000008007798       0xb4
                0x0000000008007798                . = ALIGN (0x4)
 *(.rodata)
 .rodata        0x0000000008007798       0x19 ./Core/Src/main.o
 *fill*         0x00000000080077b1        0x3 
 .rodata        0x00000000080077b4        0x5 ./Middlewares/Third_Party/FreeRTOS/Source/tasks.o
 *fill*         0x00000000080077b9        0x3 
 .rodata        0x00000000080077bc        0xd ./Middlewares/Third_Party/FreeRTOS/Source/timers.o
 *(.rodata*)
 *fill*         0x00000000080077c9        0x3 
 .rodata.toggle_relays_attributes
                0x00000000080077cc       0x24 ./Core/Src/main.o
                0x00000000080077cc                toggle_relays_attributes
 .rodata.watchdog_attributes
                0x00000000080077f0       0x24 ./Core/Src/main.o
                0x00000000080077f0                watchdog_attributes
 .rodata.AHBPrescTable
                0x0000000008007814       0x10 ./Core/Src/system_stm32f3xx.o
                0x0000000008007814                AHBPrescTable
 .rodata.APBPrescTable
                0x0000000008007824        0x8 ./Core/Src/system_stm32f3xx.o
                0x0000000008007824                APBPrescTable
 .rodata.aPLLMULFactorTable
                0x000000000800782c       0x10 ./Drivers/STM32F3xx_HAL_Driver/Src/stm32f3xx_hal_rcc.o
 .rodata.aPredivFactorTable
                0x000000000800783c       0x10 ./Drivers/STM32F3xx_HAL_Driver/Src/stm32f3xx_hal_rcc.o
                0x000000000800784c                . = ALIGN (0x4)

.rel.dyn        0x000000000800784c        0x0
 .rel.iplt      0x000000000800784c        0x0 C:/ST/STM32CubeIDE_1.14.1/STM32CubeIDE/plugins/com.st.stm32cube.ide.mcu.externaltools.gnu-tools-for-stm32.11.3.rel1.win32_1.1.100.202309141235/tools/bin/../lib/gcc/arm-none-eabi/11.3.1/thumb/v7e-m+fp/hard/crtbegin.o

.ARM.extab      0x000000000800784c        0x0
                0x000000000800784c                . = ALIGN (0x4)
 *(.ARM.extab* .gnu.linkonce.armextab.*)
                0x000000000800784c                . = ALIGN (0x4)

.ARM            0x000000000800784c        0x0
                0x000000000800784c                . = ALIGN (0x4)
                0x000000000800784c                __exidx_start = .
 *(.ARM.exidx*)
                0x000000000800784c                __exidx_end = .
                0x000000000800784c                . = ALIGN (0x4)

.preinit_array  0x000000000800784c        0x0
                0x000000000800784c                . = ALIGN (0x4)
                0x000000000800784c                PROVIDE (__preinit_array_start = .)
 *(.preinit_array*)
                0x000000000800784c                PROVIDE (__preinit_array_end = .)
                0x000000000800784c                . = ALIGN (0x4)

.init_array     0x000000000800784c        0x4
                0x000000000800784c                . = ALIGN (0x4)
                0x000000000800784c                PROVIDE (__init_array_start = .)
 *(SORT_BY_NAME(.init_array.*))
 *(.init_array*)
 .init_array    0x000000000800784c        0x4 C:/ST/STM32CubeIDE_1.14.1/STM32CubeIDE/plugins/com.st.stm32cube.ide.mcu.externaltools.gnu-tools-for-stm32.11.3.rel1.win32_1.1.100.202309141235/tools/bin/../lib/gcc/arm-none-eabi/11.3.1/thumb/v7e-m+fp/hard/crtbegin.o
                0x0000000008007850                PROVIDE (__init_array_end = .)
                0x0000000008007850                . = ALIGN (0x4)

.fini_array     0x0000000008007850        0x4
                0x0000000008007850                . = ALIGN (0x4)
                [!provide]                        PROVIDE (__fini_array_start = .)
 *(SORT_BY_NAME(.fini_array.*))
 *(.fini_array*)
 .fini_array    0x0000000008007850        0x4 C:/ST/STM32CubeIDE_1.14.1/STM32CubeIDE/plugins/com.st.stm32cube.ide.mcu.externaltools.gnu-tools-for-stm32.11.3.rel1.win32_1.1.100.202309141235/tools/bin/../lib/gcc/arm-none-eabi/11.3.1/thumb/v7e-m+fp/hard/crtbegin.o
                [!provide]                        PROVIDE (__fini_array_end = .)
                0x0000000008007854                . = ALIGN (0x4)
                0x0000000008007854                _sidata = LOADADDR (.data)

.data           0x0000000020000000       0xb0 load address 0x0000000008007854
                0x0000000020000000                . = ALIGN (0x4)
                0x0000000020000000                _sdata = .
 *(.data)
 *(.data*)
 .data.crc_key  0x0000000020000000        0x8 ./Core/Src/crc_driver.o
                0x0000000020000000                crc_key
 .data.err_max  0x0000000020000008       0x32 ./Core/Src/main.o
                0x0000000020000008                err_max
 *fill*         0x000000002000003a        0x2 
 .data.relay1_msg
                0x000000002000003c       0x14 ./Core/Src/main.o
                0x000000002000003c                relay1_msg
 .data.relay2_msg
                0x0000000020000050       0x14 ./Core/Src/main.o
                0x0000000020000050                relay2_msg
 .data.relay3_msg
                0x0000000020000064       0x14 ./Core/Src/main.o
                0x0000000020000064                relay3_msg
 .data.relay4_msg
                0x0000000020000078       0x14 ./Core/Src/main.o
                0x0000000020000078                relay4_msg
 .data.wwdg_msg
                0x000000002000008c       0x14 ./Core/Src/main.o
                0x000000002000008c                wwdg_msg
 .data.SystemCoreClock
                0x00000000200000a0        0x4 ./Core/Src/system_stm32f3xx.o
                0x00000000200000a0                SystemCoreClock
 .data.uwTickPrio
                0x00000000200000a4        0x4 ./Drivers/STM32F3xx_HAL_Driver/Src/stm32f3xx_hal.o
                0x00000000200000a4                uwTickPrio
 .data.uwTickFreq
                0x00000000200000a8        0x1 ./Drivers/STM32F3xx_HAL_Driver/Src/stm32f3xx_hal.o
                0x00000000200000a8                uwTickFreq
 *fill*         0x00000000200000a9        0x3 
 .data.uxCriticalNesting
                0x00000000200000ac        0x4 ./Middlewares/Third_Party/FreeRTOS/Source/portable/GCC/ARM_CM4F/port.o
 *(.RamFunc)
 *(.RamFunc*)
                0x00000000200000b0                . = ALIGN (0x4)
                0x00000000200000b0                _edata = .
                0x0000000008007904                _siccmram = LOADADDR (.ccmram)

.igot.plt       0x00000000200000b0        0x0 load address 0x0000000008007904
 .igot.plt      0x00000000200000b0        0x0 C:/ST/STM32CubeIDE_1.14.1/STM32CubeIDE/plugins/com.st.stm32cube.ide.mcu.externaltools.gnu-tools-for-stm32.11.3.rel1.win32_1.1.100.202309141235/tools/bin/../lib/gcc/arm-none-eabi/11.3.1/thumb/v7e-m+fp/hard/crtbegin.o

.ccmram         0x0000000010000000        0x0 load address 0x0000000008007904
                0x0000000010000000                . = ALIGN (0x4)
                0x0000000010000000                _sccmram = .
 *(.ccmram)
 *(.ccmram*)
                0x0000000010000000                . = ALIGN (0x4)
                0x0000000010000000                _eccmram = .
                0x0000000010000000                . = ALIGN (0x4)

.bss            0x00000000200000b0     0x1b0c
                0x00000000200000b0                _sbss = .
                0x00000000200000b0                __bss_start__ = _sbss
 *(.bss)
 .bss           0x00000000200000b0       0x1c C:/ST/STM32CubeIDE_1.14.1/STM32CubeIDE/plugins/com.st.stm32cube.ide.mcu.externaltools.gnu-tools-for-stm32.11.3.rel1.win32_1.1.100.202309141235/tools/bin/../lib/gcc/arm-none-eabi/11.3.1/thumb/v7e-m+fp/hard/crtbegin.o
 *(.bss*)
 .bss.huart1    0x00000000200000cc       0x88 ./Core/Src/main.o
                0x00000000200000cc                huart1
 .bss.huart2    0x0000000020000154       0x88 ./Core/Src/main.o
                0x0000000020000154                huart2
 .bss.hwwdg     0x00000000200001dc       0x14 ./Core/Src/main.o
                0x00000000200001dc                hwwdg
 .bss.toggle_relaysHandle
                0x00000000200001f0        0x4 ./Core/Src/main.o
                0x00000000200001f0                toggle_relaysHandle
 .bss.watchdogHandle
                0x00000000200001f4        0x4 ./Core/Src/main.o
                0x00000000200001f4                watchdogHandle
 .bss.RxData    0x00000000200001f8       0x18 ./Core/Src/main.o
                0x00000000200001f8                RxData
 .bss.rx_flag   0x0000000020000210        0x1 ./Core/Src/main.o
                0x0000000020000210                rx_flag
 .bss.errors    0x0000000020000211        0x1 ./Core/Src/main.o
                0x0000000020000211                errors
 .bss.timer_flag
                0x0000000020000212        0x1 ./Core/Src/main.o
                0x0000000020000212                timer_flag
 .bss.error_flag
                0x0000000020000213        0x1 ./Core/Src/main.o
                0x0000000020000213                error_flag
 .bss.relay1_count
                0x0000000020000214        0x4 ./Core/Src/main.o
                0x0000000020000214                relay1_count
 .bss.relay2_count
                0x0000000020000218        0x4 ./Core/Src/main.o
                0x0000000020000218                relay2_count
 .bss.relay3_count
                0x000000002000021c        0x4 ./Core/Src/main.o
                0x000000002000021c                relay3_count
 .bss.relay4_count
                0x0000000020000220        0x4 ./Core/Src/main.o
                0x0000000020000220                relay4_count
 .bss.htim6     0x0000000020000224       0x4c ./Core/Src/stm32f3xx_hal_timebase_tim.o
                0x0000000020000224                htim6
 .bss.uwTick    0x0000000020000270        0x4 ./Drivers/STM32F3xx_HAL_Driver/Src/stm32f3xx_hal.o
                0x0000000020000270                uwTick
 .bss.KernelState
                0x0000000020000274        0x4 ./Middlewares/Third_Party/FreeRTOS/Source/CMSIS_RTOS_V2/cmsis_os2.o
 .bss.Idle_TCB  0x0000000020000278       0x5c ./Middlewares/Third_Party/FreeRTOS/Source/CMSIS_RTOS_V2/cmsis_os2.o
 .bss.Idle_Stack
                0x00000000200002d4      0x200 ./Middlewares/Third_Party/FreeRTOS/Source/CMSIS_RTOS_V2/cmsis_os2.o
 .bss.Timer_TCB
                0x00000000200004d4       0x5c ./Middlewares/Third_Party/FreeRTOS/Source/CMSIS_RTOS_V2/cmsis_os2.o
 .bss.Timer_Stack
                0x0000000020000530      0x400 ./Middlewares/Third_Party/FreeRTOS/Source/CMSIS_RTOS_V2/cmsis_os2.o
 .bss.xQueueRegistry
                0x0000000020000930       0x40 ./Middlewares/Third_Party/FreeRTOS/Source/queue.o
                0x0000000020000930                xQueueRegistry
 .bss.pxCurrentTCB
                0x0000000020000970        0x4 ./Middlewares/Third_Party/FreeRTOS/Source/tasks.o
                0x0000000020000970                pxCurrentTCB
 .bss.pxReadyTasksLists
                0x0000000020000974      0x460 ./Middlewares/Third_Party/FreeRTOS/Source/tasks.o
 .bss.xDelayedTaskList1
                0x0000000020000dd4       0x14 ./Middlewares/Third_Party/FreeRTOS/Source/tasks.o
 .bss.xDelayedTaskList2
                0x0000000020000de8       0x14 ./Middlewares/Third_Party/FreeRTOS/Source/tasks.o
 .bss.pxDelayedTaskList
                0x0000000020000dfc        0x4 ./Middlewares/Third_Party/FreeRTOS/Source/tasks.o
 .bss.pxOverflowDelayedTaskList
                0x0000000020000e00        0x4 ./Middlewares/Third_Party/FreeRTOS/Source/tasks.o
 .bss.xPendingReadyList
                0x0000000020000e04       0x14 ./Middlewares/Third_Party/FreeRTOS/Source/tasks.o
 .bss.xTasksWaitingTermination
                0x0000000020000e18       0x14 ./Middlewares/Third_Party/FreeRTOS/Source/tasks.o
 .bss.uxDeletedTasksWaitingCleanUp
                0x0000000020000e2c        0x4 ./Middlewares/Third_Party/FreeRTOS/Source/tasks.o
 .bss.xSuspendedTaskList
                0x0000000020000e30       0x14 ./Middlewares/Third_Party/FreeRTOS/Source/tasks.o
 .bss.uxCurrentNumberOfTasks
                0x0000000020000e44        0x4 ./Middlewares/Third_Party/FreeRTOS/Source/tasks.o
 .bss.xTickCount
                0x0000000020000e48        0x4 ./Middlewares/Third_Party/FreeRTOS/Source/tasks.o
 .bss.uxTopReadyPriority
                0x0000000020000e4c        0x4 ./Middlewares/Third_Party/FreeRTOS/Source/tasks.o
 .bss.xSchedulerRunning
                0x0000000020000e50        0x4 ./Middlewares/Third_Party/FreeRTOS/Source/tasks.o
 .bss.uxPendedTicks
                0x0000000020000e54        0x4 ./Middlewares/Third_Party/FreeRTOS/Source/tasks.o
 .bss.xYieldPending
                0x0000000020000e58        0x4 ./Middlewares/Third_Party/FreeRTOS/Source/tasks.o
 .bss.xNumOfOverflows
                0x0000000020000e5c        0x4 ./Middlewares/Third_Party/FreeRTOS/Source/tasks.o
 .bss.uxTaskNumber
                0x0000000020000e60        0x4 ./Middlewares/Third_Party/FreeRTOS/Source/tasks.o
 .bss.xNextTaskUnblockTime
                0x0000000020000e64        0x4 ./Middlewares/Third_Party/FreeRTOS/Source/tasks.o
 .bss.xIdleTaskHandle
                0x0000000020000e68        0x4 ./Middlewares/Third_Party/FreeRTOS/Source/tasks.o
 .bss.uxSchedulerSuspended
                0x0000000020000e6c        0x4 ./Middlewares/Third_Party/FreeRTOS/Source/tasks.o
 .bss.xActiveTimerList1
                0x0000000020000e70       0x14 ./Middlewares/Third_Party/FreeRTOS/Source/timers.o
 .bss.xActiveTimerList2
                0x0000000020000e84       0x14 ./Middlewares/Third_Party/FreeRTOS/Source/timers.o
 .bss.pxCurrentTimerList
                0x0000000020000e98        0x4 ./Middlewares/Third_Party/FreeRTOS/Source/timers.o
 .bss.pxOverflowTimerList
                0x0000000020000e9c        0x4 ./Middlewares/Third_Party/FreeRTOS/Source/timers.o
 .bss.xTimerQueue
                0x0000000020000ea0        0x4 ./Middlewares/Third_Party/FreeRTOS/Source/timers.o
 .bss.xTimerTaskHandle
                0x0000000020000ea4        0x4 ./Middlewares/Third_Party/FreeRTOS/Source/timers.o
 .bss.xLastTime.2
                0x0000000020000ea8        0x4 ./Middlewares/Third_Party/FreeRTOS/Source/timers.o
 .bss.ucStaticTimerQueueStorage.1
                0x0000000020000eac       0xa0 ./Middlewares/Third_Party/FreeRTOS/Source/timers.o
 .bss.xStaticTimerQueue.0
                0x0000000020000f4c       0x50 ./Middlewares/Third_Party/FreeRTOS/Source/timers.o
 .bss.ucMaxSysCallPriority
                0x0000000020000f9c        0x1 ./Middlewares/Third_Party/FreeRTOS/Source/portable/GCC/ARM_CM4F/port.o
 *fill*         0x0000000020000f9d        0x3 
 .bss.ulMaxPRIGROUPValue
                0x0000000020000fa0        0x4 ./Middlewares/Third_Party/FreeRTOS/Source/portable/GCC/ARM_CM4F/port.o
 .bss.ucHeap    0x0000000020000fa4      0xc00 ./Middlewares/Third_Party/FreeRTOS/Source/portable/MemMang/heap_4.o
 .bss.xStart    0x0000000020001ba4        0x8 ./Middlewares/Third_Party/FreeRTOS/Source/portable/MemMang/heap_4.o
 .bss.pxEnd     0x0000000020001bac        0x4 ./Middlewares/Third_Party/FreeRTOS/Source/portable/MemMang/heap_4.o
 .bss.xFreeBytesRemaining
                0x0000000020001bb0        0x4 ./Middlewares/Third_Party/FreeRTOS/Source/portable/MemMang/heap_4.o
 .bss.xMinimumEverFreeBytesRemaining
                0x0000000020001bb4        0x4 ./Middlewares/Third_Party/FreeRTOS/Source/portable/MemMang/heap_4.o
 .bss.xBlockAllocatedBit
                0x0000000020001bb8        0x4 ./Middlewares/Third_Party/FreeRTOS/Source/portable/MemMang/heap_4.o
 *(COMMON)
                0x0000000020001bbc                . = ALIGN (0x4)
                0x0000000020001bbc                _ebss = .
                0x0000000020001bbc                __bss_end__ = _ebss

._user_heap_stack
                0x0000000020001bbc      0x604
                0x0000000020001bc0                . = ALIGN (0x8)
 *fill*         0x0000000020001bbc        0x4 
                [!provide]                        PROVIDE (end = .)
                0x0000000020001bc0                PROVIDE (_end = .)
                0x0000000020001dc0                . = (. + _Min_Heap_Size)
 *fill*         0x0000000020001bc0      0x200 
                0x00000000200021c0                . = (. + _Min_Stack_Size)
 *fill*         0x0000000020001dc0      0x400 
                0x00000000200021c0                . = ALIGN (0x8)

/DISCARD/
 libc.a(*)
 libm.a(*)
 libgcc.a(*)

.ARM.attributes
                0x0000000000000000       0x30
 *(.ARM.attributes)
 .ARM.attributes
                0x0000000000000000       0x1e C:/ST/STM32CubeIDE_1.14.1/STM32CubeIDE/plugins/com.st.stm32cube.ide.mcu.externaltools.gnu-tools-for-stm32.11.3.rel1.win32_1.1.100.202309141235/tools/bin/../lib/gcc/arm-none-eabi/11.3.1/thumb/v7e-m+fp/hard/crti.o
 .ARM.attributes
                0x000000000000001e       0x34 C:/ST/STM32CubeIDE_1.14.1/STM32CubeIDE/plugins/com.st.stm32cube.ide.mcu.externaltools.gnu-tools-for-stm32.11.3.rel1.win32_1.1.100.202309141235/tools/bin/../lib/gcc/arm-none-eabi/11.3.1/thumb/v7e-m+fp/hard/crtbegin.o
 .ARM.attributes
                0x0000000000000052       0x34 ./Core/Src/crc_driver.o
 .ARM.attributes
                0x0000000000000086       0x34 ./Core/Src/main.o
 .ARM.attributes
                0x00000000000000ba       0x34 ./Core/Src/stm32f3xx_hal_msp.o
 .ARM.attributes
                0x00000000000000ee       0x34 ./Core/Src/stm32f3xx_hal_timebase_tim.o
 .ARM.attributes
                0x0000000000000122       0x34 ./Core/Src/stm32f3xx_it.o
 .ARM.attributes
                0x0000000000000156       0x34 ./Core/Src/system_stm32f3xx.o
 .ARM.attributes
                0x000000000000018a       0x21 ./Core/Startup/startup_stm32f303retx.o
 .ARM.attributes
                0x00000000000001ab       0x34 ./Drivers/STM32F3xx_HAL_Driver/Src/stm32f3xx_hal.o
 .ARM.attributes
                0x00000000000001df       0x34 ./Drivers/STM32F3xx_HAL_Driver/Src/stm32f3xx_hal_cortex.o
 .ARM.attributes
                0x0000000000000213       0x34 ./Drivers/STM32F3xx_HAL_Driver/Src/stm32f3xx_hal_dma.o
 .ARM.attributes
                0x0000000000000247       0x34 ./Drivers/STM32F3xx_HAL_Driver/Src/stm32f3xx_hal_gpio.o
 .ARM.attributes
                0x000000000000027b       0x34 ./Drivers/STM32F3xx_HAL_Driver/Src/stm32f3xx_hal_rcc.o
 .ARM.attributes
                0x00000000000002af       0x34 ./Drivers/STM32F3xx_HAL_Driver/Src/stm32f3xx_hal_rcc_ex.o
 .ARM.attributes
                0x00000000000002e3       0x34 ./Drivers/STM32F3xx_HAL_Driver/Src/stm32f3xx_hal_tim.o
 .ARM.attributes
                0x0000000000000317       0x34 ./Drivers/STM32F3xx_HAL_Driver/Src/stm32f3xx_hal_tim_ex.o
 .ARM.attributes
                0x000000000000034b       0x34 ./Drivers/STM32F3xx_HAL_Driver/Src/stm32f3xx_hal_uart.o
 .ARM.attributes
                0x000000000000037f       0x34 ./Drivers/STM32F3xx_HAL_Driver/Src/stm32f3xx_hal_uart_ex.o
 .ARM.attributes
                0x00000000000003b3       0x34 ./Drivers/STM32F3xx_HAL_Driver/Src/stm32f3xx_hal_wwdg.o
 .ARM.attributes
                0x00000000000003e7       0x34 ./Drivers/STM32F3xx_HAL_Driver/Src/stm32f3xx_ll_tim.o
 .ARM.attributes
                0x000000000000041b       0x34 ./Middlewares/Third_Party/FreeRTOS/Source/CMSIS_RTOS_V2/cmsis_os2.o
 .ARM.attributes
                0x000000000000044f       0x34 ./Middlewares/Third_Party/FreeRTOS/Source/list.o
 .ARM.attributes
                0x0000000000000483       0x34 ./Middlewares/Third_Party/FreeRTOS/Source/queue.o
 .ARM.attributes
                0x00000000000004b7       0x34 ./Middlewares/Third_Party/FreeRTOS/Source/tasks.o
 .ARM.attributes
                0x00000000000004eb       0x34 ./Middlewares/Third_Party/FreeRTOS/Source/timers.o
 .ARM.attributes
                0x000000000000051f       0x34 ./Middlewares/Third_Party/FreeRTOS/Source/portable/GCC/ARM_CM4F/port.o
 .ARM.attributes
                0x0000000000000553       0x34 ./Middlewares/Third_Party/FreeRTOS/Source/portable/MemMang/heap_4.o
 .ARM.attributes
                0x0000000000000587       0x34 C:/ST/STM32CubeIDE_1.14.1/STM32CubeIDE/plugins/com.st.stm32cube.ide.mcu.externaltools.gnu-tools-for-stm32.11.3.rel1.win32_1.1.100.202309141235/tools/bin/../lib/gcc/arm-none-eabi/11.3.1/../../../../arm-none-eabi/lib/thumb/v7e-m+fp/hard\libc_nano.a(libc_a-memset.o)
 .ARM.attributes
                0x00000000000005bb       0x34 C:/ST/STM32CubeIDE_1.14.1/STM32CubeIDE/plugins/com.st.stm32cube.ide.mcu.externaltools.gnu-tools-for-stm32.11.3.rel1.win32_1.1.100.202309141235/tools/bin/../lib/gcc/arm-none-eabi/11.3.1/../../../../arm-none-eabi/lib/thumb/v7e-m+fp/hard\libc_nano.a(libc_a-init.o)
 .ARM.attributes
                0x00000000000005ef       0x34 C:/ST/STM32CubeIDE_1.14.1/STM32CubeIDE/plugins/com.st.stm32cube.ide.mcu.externaltools.gnu-tools-for-stm32.11.3.rel1.win32_1.1.100.202309141235/tools/bin/../lib/gcc/arm-none-eabi/11.3.1/../../../../arm-none-eabi/lib/thumb/v7e-m+fp/hard\libc_nano.a(libc_a-memcpy-stub.o)
 .ARM.attributes
                0x0000000000000623       0x1e C:/ST/STM32CubeIDE_1.14.1/STM32CubeIDE/plugins/com.st.stm32cube.ide.mcu.externaltools.gnu-tools-for-stm32.11.3.rel1.win32_1.1.100.202309141235/tools/bin/../lib/gcc/arm-none-eabi/11.3.1/thumb/v7e-m+fp/hard/crtn.o
OUTPUT(freertos_slave.elf elf32-littlearm)
LOAD linker stubs
LOAD C:/ST/STM32CubeIDE_1.14.1/STM32CubeIDE/plugins/com.st.stm32cube.ide.mcu.externaltools.gnu-tools-for-stm32.11.3.rel1.win32_1.1.100.202309141235/tools/bin/../lib/gcc/arm-none-eabi/11.3.1/../../../../arm-none-eabi/lib/thumb/v7e-m+fp/hard\libc.a
LOAD C:/ST/STM32CubeIDE_1.14.1/STM32CubeIDE/plugins/com.st.stm32cube.ide.mcu.externaltools.gnu-tools-for-stm32.11.3.rel1.win32_1.1.100.202309141235/tools/bin/../lib/gcc/arm-none-eabi/11.3.1/../../../../arm-none-eabi/lib/thumb/v7e-m+fp/hard\libm.a
LOAD C:/ST/STM32CubeIDE_1.14.1/STM32CubeIDE/plugins/com.st.stm32cube.ide.mcu.externaltools.gnu-tools-for-stm32.11.3.rel1.win32_1.1.100.202309141235/tools/bin/../lib/gcc/arm-none-eabi/11.3.1/thumb/v7e-m+fp/hard\libgcc.a

.comment        0x0000000000000000       0x43
 .comment       0x0000000000000000       0x43 C:/ST/STM32CubeIDE_1.14.1/STM32CubeIDE/plugins/com.st.stm32cube.ide.mcu.externaltools.gnu-tools-for-stm32.11.3.rel1.win32_1.1.100.202309141235/tools/bin/../lib/gcc/arm-none-eabi/11.3.1/thumb/v7e-m+fp/hard/crtbegin.o
                                         0x44 (size before relaxing)
 .comment       0x0000000000000043       0x44 ./Core/Src/crc_driver.o
 .comment       0x0000000000000043       0x44 ./Core/Src/main.o
 .comment       0x0000000000000043       0x44 ./Core/Src/stm32f3xx_hal_msp.o
 .comment       0x0000000000000043       0x44 ./Core/Src/stm32f3xx_hal_timebase_tim.o
 .comment       0x0000000000000043       0x44 ./Core/Src/stm32f3xx_it.o
 .comment       0x0000000000000043       0x44 ./Core/Src/system_stm32f3xx.o
 .comment       0x0000000000000043       0x44 ./Drivers/STM32F3xx_HAL_Driver/Src/stm32f3xx_hal.o
 .comment       0x0000000000000043       0x44 ./Drivers/STM32F3xx_HAL_Driver/Src/stm32f3xx_hal_cortex.o
 .comment       0x0000000000000043       0x44 ./Drivers/STM32F3xx_HAL_Driver/Src/stm32f3xx_hal_dma.o
 .comment       0x0000000000000043       0x44 ./Drivers/STM32F3xx_HAL_Driver/Src/stm32f3xx_hal_gpio.o
 .comment       0x0000000000000043       0x44 ./Drivers/STM32F3xx_HAL_Driver/Src/stm32f3xx_hal_rcc.o
 .comment       0x0000000000000043       0x44 ./Drivers/STM32F3xx_HAL_Driver/Src/stm32f3xx_hal_rcc_ex.o
 .comment       0x0000000000000043       0x44 ./Drivers/STM32F3xx_HAL_Driver/Src/stm32f3xx_hal_tim.o
 .comment       0x0000000000000043       0x44 ./Drivers/STM32F3xx_HAL_Driver/Src/stm32f3xx_hal_tim_ex.o
 .comment       0x0000000000000043       0x44 ./Drivers/STM32F3xx_HAL_Driver/Src/stm32f3xx_hal_uart.o
 .comment       0x0000000000000043       0x44 ./Drivers/STM32F3xx_HAL_Driver/Src/stm32f3xx_hal_uart_ex.o
 .comment       0x0000000000000043       0x44 ./Drivers/STM32F3xx_HAL_Driver/Src/stm32f3xx_hal_wwdg.o
 .comment       0x0000000000000043       0x44 ./Drivers/STM32F3xx_HAL_Driver/Src/stm32f3xx_ll_tim.o
 .comment       0x0000000000000043       0x44 ./Middlewares/Third_Party/FreeRTOS/Source/CMSIS_RTOS_V2/cmsis_os2.o
 .comment       0x0000000000000043       0x44 ./Middlewares/Third_Party/FreeRTOS/Source/list.o
 .comment       0x0000000000000043       0x44 ./Middlewares/Third_Party/FreeRTOS/Source/queue.o
 .comment       0x0000000000000043       0x44 ./Middlewares/Third_Party/FreeRTOS/Source/tasks.o
 .comment       0x0000000000000043       0x44 ./Middlewares/Third_Party/FreeRTOS/Source/timers.o
 .comment       0x0000000000000043       0x44 ./Middlewares/Third_Party/FreeRTOS/Source/portable/GCC/ARM_CM4F/port.o
 .comment       0x0000000000000043       0x44 ./Middlewares/Third_Party/FreeRTOS/Source/portable/MemMang/heap_4.o

.debug_info     0x0000000000000000    0x1b2fa
 .debug_info    0x0000000000000000      0x16b ./Core/Src/crc_driver.o
 .debug_info    0x000000000000016b     0x2015 ./Core/Src/main.o
 .debug_info    0x0000000000002180      0xd0a ./Core/Src/stm32f3xx_hal_msp.o
 .debug_info    0x0000000000002e8a      0xad0 ./Core/Src/stm32f3xx_hal_timebase_tim.o
 .debug_info    0x000000000000395a      0xb1c ./Core/Src/stm32f3xx_it.o
 .debug_info    0x0000000000004476      0x407 ./Core/Src/system_stm32f3xx.o
 .debug_info    0x000000000000487d       0x23 ./Core/Startup/startup_stm32f303retx.o
 .debug_info    0x00000000000048a0      0x804 ./Drivers/STM32F3xx_HAL_Driver/Src/stm32f3xx_hal.o
 .debug_info    0x00000000000050a4      0xcdf ./Drivers/STM32F3xx_HAL_Driver/Src/stm32f3xx_hal_cortex.o
 .debug_info    0x0000000000005d83      0x6e1 ./Drivers/STM32F3xx_HAL_Driver/Src/stm32f3xx_hal_dma.o
 .debug_info    0x0000000000006464      0x6a6 ./Drivers/STM32F3xx_HAL_Driver/Src/stm32f3xx_hal_gpio.o
 .debug_info    0x0000000000006b0a     0x1501 ./Drivers/STM32F3xx_HAL_Driver/Src/stm32f3xx_hal_rcc.o
 .debug_info    0x000000000000800b      0x663 ./Drivers/STM32F3xx_HAL_Driver/Src/stm32f3xx_hal_rcc_ex.o
 .debug_info    0x000000000000866e     0x2a52 ./Drivers/STM32F3xx_HAL_Driver/Src/stm32f3xx_hal_tim.o
 .debug_info    0x000000000000b0c0     0x156d ./Drivers/STM32F3xx_HAL_Driver/Src/stm32f3xx_hal_tim_ex.o
 .debug_info    0x000000000000c62d     0x39a8 ./Drivers/STM32F3xx_HAL_Driver/Src/stm32f3xx_hal_uart.o
 .debug_info    0x000000000000ffd5      0xc92 ./Drivers/STM32F3xx_HAL_Driver/Src/stm32f3xx_hal_uart_ex.o
 .debug_info    0x0000000000010c67      0x254 ./Drivers/STM32F3xx_HAL_Driver/Src/stm32f3xx_hal_wwdg.o
 .debug_info    0x0000000000010ebb      0xfdc ./Drivers/STM32F3xx_HAL_Driver/Src/stm32f3xx_ll_tim.o
 .debug_info    0x0000000000011e97     0x39bf ./Middlewares/Third_Party/FreeRTOS/Source/CMSIS_RTOS_V2/cmsis_os2.o
 .debug_info    0x0000000000015856      0x2aa ./Middlewares/Third_Party/FreeRTOS/Source/list.o
 .debug_info    0x0000000000015b00     0x1abf ./Middlewares/Third_Party/FreeRTOS/Source/queue.o
 .debug_info    0x00000000000175bf     0x20e5 ./Middlewares/Third_Party/FreeRTOS/Source/tasks.o
 .debug_info    0x00000000000196a4     0x13b5 ./Middlewares/Third_Party/FreeRTOS/Source/timers.o
 .debug_info    0x000000000001aa59      0x4de ./Middlewares/Third_Party/FreeRTOS/Source/portable/GCC/ARM_CM4F/port.o
 .debug_info    0x000000000001af37      0x3c3 ./Middlewares/Third_Party/FreeRTOS/Source/portable/MemMang/heap_4.o

.debug_abbrev   0x0000000000000000     0x3b6a
 .debug_abbrev  0x0000000000000000       0xbb ./Core/Src/crc_driver.o
 .debug_abbrev  0x00000000000000bb      0x3a0 ./Core/Src/main.o
 .debug_abbrev  0x000000000000045b      0x1c9 ./Core/Src/stm32f3xx_hal_msp.o
 .debug_abbrev  0x0000000000000624      0x1f4 ./Core/Src/stm32f3xx_hal_timebase_tim.o
 .debug_abbrev  0x0000000000000818      0x19b ./Core/Src/stm32f3xx_it.o
 .debug_abbrev  0x00000000000009b3      0x11a ./Core/Src/system_stm32f3xx.o
 .debug_abbrev  0x0000000000000acd       0x12 ./Core/Startup/startup_stm32f303retx.o
 .debug_abbrev  0x0000000000000adf      0x215 ./Drivers/STM32F3xx_HAL_Driver/Src/stm32f3xx_hal.o
 .debug_abbrev  0x0000000000000cf4      0x329 ./Drivers/STM32F3xx_HAL_Driver/Src/stm32f3xx_hal_cortex.o
 .debug_abbrev  0x000000000000101d      0x20d ./Drivers/STM32F3xx_HAL_Driver/Src/stm32f3xx_hal_dma.o
 .debug_abbrev  0x000000000000122a      0x1ca ./Drivers/STM32F3xx_HAL_Driver/Src/stm32f3xx_hal_gpio.o
 .debug_abbrev  0x00000000000013f4      0x300 ./Drivers/STM32F3xx_HAL_Driver/Src/stm32f3xx_hal_rcc.o
 .debug_abbrev  0x00000000000016f4      0x245 ./Drivers/STM32F3xx_HAL_Driver/Src/stm32f3xx_hal_rcc_ex.o
 .debug_abbrev  0x0000000000001939      0x278 ./Drivers/STM32F3xx_HAL_Driver/Src/stm32f3xx_hal_tim.o
 .debug_abbrev  0x0000000000001bb1      0x283 ./Drivers/STM32F3xx_HAL_Driver/Src/stm32f3xx_hal_tim_ex.o
 .debug_abbrev  0x0000000000001e34      0x2d1 ./Drivers/STM32F3xx_HAL_Driver/Src/stm32f3xx_hal_uart.o
 .debug_abbrev  0x0000000000002105      0x2bf ./Drivers/STM32F3xx_HAL_Driver/Src/stm32f3xx_hal_uart_ex.o
 .debug_abbrev  0x00000000000023c4      0x175 ./Drivers/STM32F3xx_HAL_Driver/Src/stm32f3xx_hal_wwdg.o
 .debug_abbrev  0x0000000000002539      0x20d ./Drivers/STM32F3xx_HAL_Driver/Src/stm32f3xx_ll_tim.o
 .debug_abbrev  0x0000000000002746      0x433 ./Middlewares/Third_Party/FreeRTOS/Source/CMSIS_RTOS_V2/cmsis_os2.o
 .debug_abbrev  0x0000000000002b79       0xf5 ./Middlewares/Third_Party/FreeRTOS/Source/list.o
 .debug_abbrev  0x0000000000002c6e      0x3ce ./Middlewares/Third_Party/FreeRTOS/Source/queue.o
 .debug_abbrev  0x000000000000303c      0x385 ./Middlewares/Third_Party/FreeRTOS/Source/tasks.o
 .debug_abbrev  0x00000000000033c1      0x348 ./Middlewares/Third_Party/FreeRTOS/Source/timers.o
 .debug_abbrev  0x0000000000003709      0x25c ./Middlewares/Third_Party/FreeRTOS/Source/portable/GCC/ARM_CM4F/port.o
 .debug_abbrev  0x0000000000003965      0x205 ./Middlewares/Third_Party/FreeRTOS/Source/portable/MemMang/heap_4.o

.debug_aranges  0x0000000000000000     0x16a8
 .debug_aranges
                0x0000000000000000       0x28 ./Core/Src/crc_driver.o
 .debug_aranges
                0x0000000000000028       0xe0 ./Core/Src/main.o
 .debug_aranges
                0x0000000000000108       0x38 ./Core/Src/stm32f3xx_hal_msp.o
 .debug_aranges
                0x0000000000000140       0x30 ./Core/Src/stm32f3xx_hal_timebase_tim.o
 .debug_aranges
                0x0000000000000170       0x70 ./Core/Src/stm32f3xx_it.o
 .debug_aranges
                0x00000000000001e0       0x28 ./Core/Src/system_stm32f3xx.o
 .debug_aranges
                0x0000000000000208       0x28 ./Core/Startup/startup_stm32f303retx.o
 .debug_aranges
                0x0000000000000230       0xe0 ./Drivers/STM32F3xx_HAL_Driver/Src/stm32f3xx_hal.o
 .debug_aranges
                0x0000000000000310      0x118 ./Drivers/STM32F3xx_HAL_Driver/Src/stm32f3xx_hal_cortex.o
 .debug_aranges
                0x0000000000000428       0x88 ./Drivers/STM32F3xx_HAL_Driver/Src/stm32f3xx_hal_dma.o
 .debug_aranges
                0x00000000000004b0       0x58 ./Drivers/STM32F3xx_HAL_Driver/Src/stm32f3xx_hal_gpio.o
 .debug_aranges
                0x0000000000000508       0x88 ./Drivers/STM32F3xx_HAL_Driver/Src/stm32f3xx_hal_rcc.o
 .debug_aranges
                0x0000000000000590       0x38 ./Drivers/STM32F3xx_HAL_Driver/Src/stm32f3xx_hal_rcc_ex.o
 .debug_aranges
                0x00000000000005c8      0x3e0 ./Drivers/STM32F3xx_HAL_Driver/Src/stm32f3xx_hal_tim.o
 .debug_aranges
                0x00000000000009a8      0x178 ./Drivers/STM32F3xx_HAL_Driver/Src/stm32f3xx_hal_tim_ex.o
 .debug_aranges
                0x0000000000000b20      0x228 ./Drivers/STM32F3xx_HAL_Driver/Src/stm32f3xx_hal_uart.o
 .debug_aranges
                0x0000000000000d48       0x70 ./Drivers/STM32F3xx_HAL_Driver/Src/stm32f3xx_hal_uart_ex.o
 .debug_aranges
                0x0000000000000db8       0x40 ./Drivers/STM32F3xx_HAL_Driver/Src/stm32f3xx_hal_wwdg.o
 .debug_aranges
                0x0000000000000df8      0x148 ./Drivers/STM32F3xx_HAL_Driver/Src/stm32f3xx_ll_tim.o
 .debug_aranges
                0x0000000000000f40      0x228 ./Middlewares/Third_Party/FreeRTOS/Source/CMSIS_RTOS_V2/cmsis_os2.o
 .debug_aranges
                0x0000000000001168       0x40 ./Middlewares/Third_Party/FreeRTOS/Source/list.o
 .debug_aranges
                0x00000000000011a8      0x158 ./Middlewares/Third_Party/FreeRTOS/Source/queue.o
 .debug_aranges
                0x0000000000001300      0x1f8 ./Middlewares/Third_Party/FreeRTOS/Source/tasks.o
 .debug_aranges
                0x00000000000014f8       0xe0 ./Middlewares/Third_Party/FreeRTOS/Source/timers.o
 .debug_aranges
                0x00000000000015d8       0x80 ./Middlewares/Third_Party/FreeRTOS/Source/portable/GCC/ARM_CM4F/port.o
 .debug_aranges
                0x0000000000001658       0x50 ./Middlewares/Third_Party/FreeRTOS/Source/portable/MemMang/heap_4.o

.debug_rnglists
                0x0000000000000000     0x11a1
 .debug_rnglists
                0x0000000000000000       0x1a ./Core/Src/crc_driver.o
 .debug_rnglists
                0x000000000000001a       0xa8 ./Core/Src/main.o
 .debug_rnglists
                0x00000000000000c2       0x26 ./Core/Src/stm32f3xx_hal_msp.o
 .debug_rnglists
                0x00000000000000e8       0x20 ./Core/Src/stm32f3xx_hal_timebase_tim.o
 .debug_rnglists
                0x0000000000000108       0x4f ./Core/Src/stm32f3xx_it.o
 .debug_rnglists
                0x0000000000000157       0x1a ./Core/Src/system_stm32f3xx.o
 .debug_rnglists
                0x0000000000000171       0x19 ./Core/Startup/startup_stm32f303retx.o
 .debug_rnglists
                0x000000000000018a       0xa3 ./Drivers/STM32F3xx_HAL_Driver/Src/stm32f3xx_hal.o
 .debug_rnglists
                0x000000000000022d       0xce ./Drivers/STM32F3xx_HAL_Driver/Src/stm32f3xx_hal_cortex.o
 .debug_rnglists
                0x00000000000002fb       0x69 ./Drivers/STM32F3xx_HAL_Driver/Src/stm32f3xx_hal_dma.o
 .debug_rnglists
                0x0000000000000364       0x3f ./Drivers/STM32F3xx_HAL_Driver/Src/stm32f3xx_hal_gpio.o
 .debug_rnglists
                0x00000000000003a3       0x66 ./Drivers/STM32F3xx_HAL_Driver/Src/stm32f3xx_hal_rcc.o
 .debug_rnglists
                0x0000000000000409       0x29 ./Drivers/STM32F3xx_HAL_Driver/Src/stm32f3xx_hal_rcc_ex.o
 .debug_rnglists
                0x0000000000000432      0x328 ./Drivers/STM32F3xx_HAL_Driver/Src/stm32f3xx_hal_tim.o
 .debug_rnglists
                0x000000000000075a      0x131 ./Drivers/STM32F3xx_HAL_Driver/Src/stm32f3xx_hal_tim_ex.o
 .debug_rnglists
                0x000000000000088b      0x1da ./Drivers/STM32F3xx_HAL_Driver/Src/stm32f3xx_hal_uart.o
 .debug_rnglists
                0x0000000000000a65       0x54 ./Drivers/STM32F3xx_HAL_Driver/Src/stm32f3xx_hal_uart_ex.o
 .debug_rnglists
                0x0000000000000ab9       0x2b ./Drivers/STM32F3xx_HAL_Driver/Src/stm32f3xx_hal_wwdg.o
 .debug_rnglists
                0x0000000000000ae4       0xfe ./Drivers/STM32F3xx_HAL_Driver/Src/stm32f3xx_ll_tim.o
 .debug_rnglists
                0x0000000000000be2      0x1b4 ./Middlewares/Third_Party/FreeRTOS/Source/CMSIS_RTOS_V2/cmsis_os2.o
 .debug_rnglists
                0x0000000000000d96       0x2b ./Middlewares/Third_Party/FreeRTOS/Source/list.o
 .debug_rnglists
                0x0000000000000dc1      0x109 ./Middlewares/Third_Party/FreeRTOS/Source/queue.o
 .debug_rnglists
                0x0000000000000eca      0x194 ./Middlewares/Third_Party/FreeRTOS/Source/tasks.o
 .debug_rnglists
                0x000000000000105e       0xab ./Middlewares/Third_Party/FreeRTOS/Source/timers.o
 .debug_rnglists
                0x0000000000001109       0x5d ./Middlewares/Third_Party/FreeRTOS/Source/portable/GCC/ARM_CM4F/port.o
 .debug_rnglists
                0x0000000000001166       0x3b ./Middlewares/Third_Party/FreeRTOS/Source/portable/MemMang/heap_4.o

.debug_macro    0x0000000000000000    0x2338d
 .debug_macro   0x0000000000000000      0x32a ./Core/Src/crc_driver.o
 .debug_macro   0x000000000000032a      0xaae ./Core/Src/crc_driver.o
 .debug_macro   0x0000000000000dd8       0x22 ./Core/Src/crc_driver.o
 .debug_macro   0x0000000000000dfa       0x5b ./Core/Src/crc_driver.o
 .debug_macro   0x0000000000000e55       0x2a ./Core/Src/crc_driver.o
 .debug_macro   0x0000000000000e7f       0x94 ./Core/Src/crc_driver.o
 .debug_macro   0x0000000000000f13       0x43 ./Core/Src/crc_driver.o
 .debug_macro   0x0000000000000f56       0x34 ./Core/Src/crc_driver.o
 .debug_macro   0x0000000000000f8a       0x16 ./Core/Src/crc_driver.o
 .debug_macro   0x0000000000000fa0       0x57 ./Core/Src/crc_driver.o
 .debug_macro   0x0000000000000ff7       0x97 ./Core/Src/crc_driver.o
 .debug_macro   0x000000000000108e      0x369 ./Core/Src/crc_driver.o
 .debug_macro   0x00000000000013f7       0xfd ./Core/Src/crc_driver.o
 .debug_macro   0x00000000000014f4       0x10 ./Core/Src/crc_driver.o
 .debug_macro   0x0000000000001504       0x16 ./Core/Src/crc_driver.o
 .debug_macro   0x000000000000151a       0x43 ./Core/Src/crc_driver.o
 .debug_macro   0x000000000000155d       0x34 ./Core/Src/crc_driver.o
 .debug_macro   0x0000000000001591       0x10 ./Core/Src/crc_driver.o
 .debug_macro   0x00000000000015a1       0x58 ./Core/Src/crc_driver.o
 .debug_macro   0x00000000000015f9       0x8e ./Core/Src/crc_driver.o
 .debug_macro   0x0000000000001687       0x1c ./Core/Src/crc_driver.o
 .debug_macro   0x00000000000016a3      0x177 ./Core/Src/crc_driver.o
 .debug_macro   0x000000000000181a       0x16 ./Core/Src/crc_driver.o
 .debug_macro   0x0000000000001830       0x16 ./Core/Src/crc_driver.o
 .debug_macro   0x0000000000001846      0x147 ./Core/Src/crc_driver.o
 .debug_macro   0x000000000000198d       0x16 ./Core/Src/crc_driver.o
 .debug_macro   0x00000000000019a3       0x35 ./Core/Src/crc_driver.o
 .debug_macro   0x00000000000019d8       0x16 ./Core/Src/crc_driver.o
 .debug_macro   0x00000000000019ee       0x29 ./Core/Src/crc_driver.o
 .debug_macro   0x0000000000001a17       0x16 ./Core/Src/crc_driver.o
 .debug_macro   0x0000000000001a2d       0x20 ./Core/Src/crc_driver.o
 .debug_macro   0x0000000000001a4d       0x22 ./Core/Src/crc_driver.o
 .debug_macro   0x0000000000001a6f      0x15d ./Core/Src/crc_driver.o
 .debug_macro   0x0000000000001bcc       0x2e ./Core/Src/crc_driver.o
 .debug_macro   0x0000000000001bfa       0x28 ./Core/Src/crc_driver.o
 .debug_macro   0x0000000000001c22      0x103 ./Core/Src/crc_driver.o
 .debug_macro   0x0000000000001d25       0x6a ./Core/Src/crc_driver.o
 .debug_macro   0x0000000000001d8f      0x1df ./Core/Src/crc_driver.o
 .debug_macro   0x0000000000001f6e       0x1c ./Core/Src/crc_driver.o
 .debug_macro   0x0000000000001f8a       0x22 ./Core/Src/crc_driver.o
 .debug_macro   0x0000000000001fac       0xd9 ./Core/Src/crc_driver.o
 .debug_macro   0x0000000000002085     0x102d ./Core/Src/crc_driver.o
 .debug_macro   0x00000000000030b2      0x11f ./Core/Src/crc_driver.o
 .debug_macro   0x00000000000031d1    0x1535a ./Core/Src/crc_driver.o
 .debug_macro   0x000000000001852b       0x6d ./Core/Src/crc_driver.o
 .debug_macro   0x0000000000018598     0x3558 ./Core/Src/crc_driver.o
 .debug_macro   0x000000000001baf0       0x4f ./Core/Src/crc_driver.o
 .debug_macro   0x000000000001bb3f      0x953 ./Core/Src/crc_driver.o
 .debug_macro   0x000000000001c492      0x84a ./Core/Src/crc_driver.o
 .debug_macro   0x000000000001ccdc      0x1b5 ./Core/Src/crc_driver.o
 .debug_macro   0x000000000001ce91      0x23a ./Core/Src/crc_driver.o
 .debug_macro   0x000000000001d0cb      0x1ea ./Core/Src/crc_driver.o
 .debug_macro   0x000000000001d2b5      0x1bc ./Core/Src/crc_driver.o
 .debug_macro   0x000000000001d471       0x30 ./Core/Src/crc_driver.o
 .debug_macro   0x000000000001d4a1       0x3c ./Core/Src/crc_driver.o
 .debug_macro   0x000000000001d4dd      0x235 ./Core/Src/crc_driver.o
 .debug_macro   0x000000000001d712       0xc5 ./Core/Src/crc_driver.o
 .debug_macro   0x000000000001d7d7      0x21d ./Core/Src/crc_driver.o
 .debug_macro   0x000000000001d9f4      0x22c ./Core/Src/crc_driver.o
 .debug_macro   0x000000000001dc20       0x5b ./Core/Src/crc_driver.o
 .debug_macro   0x000000000001dc7b       0xa5 ./Core/Src/crc_driver.o
 .debug_macro   0x000000000001dd20       0x81 ./Core/Src/crc_driver.o
 .debug_macro   0x000000000001dda1       0xd3 ./Core/Src/crc_driver.o
 .debug_macro   0x000000000001de74      0xa59 ./Core/Src/crc_driver.o
 .debug_macro   0x000000000001e8cd       0xba ./Core/Src/crc_driver.o
 .debug_macro   0x000000000001e987      0x5ba ./Core/Src/crc_driver.o
 .debug_macro   0x000000000001ef41       0x44 ./Core/Src/crc_driver.o
 .debug_macro   0x000000000001ef85       0x8d ./Core/Src/crc_driver.o
 .debug_macro   0x000000000001f012      0x347 ./Core/Src/crc_driver.o
 .debug_macro   0x000000000001f359      0x45f ./Core/Src/main.o
 .debug_macro   0x000000000001f7b8       0x5b ./Core/Src/main.o
 .debug_macro   0x000000000001f813       0x74 ./Core/Src/main.o
 .debug_macro   0x000000000001f887      0x122 ./Core/Src/main.o
 .debug_macro   0x000000000001f9a9       0xdd ./Core/Src/main.o
 .debug_macro   0x000000000001fa86       0x61 ./Core/Src/main.o
 .debug_macro   0x000000000001fae7      0x245 ./Core/Src/stm32f3xx_hal_msp.o
 .debug_macro   0x000000000001fd2c      0x1e1 ./Core/Src/stm32f3xx_hal_timebase_tim.o
 .debug_macro   0x000000000001ff0d      0x24f ./Core/Src/stm32f3xx_it.o
 .debug_macro   0x000000000002015c      0x1e1 ./Core/Src/system_stm32f3xx.o
 .debug_macro   0x000000000002033d      0x205 ./Drivers/STM32F3xx_HAL_Driver/Src/stm32f3xx_hal.o
 .debug_macro   0x0000000000020542      0x1e1 ./Drivers/STM32F3xx_HAL_Driver/Src/stm32f3xx_hal_cortex.o
 .debug_macro   0x0000000000020723      0x1e1 ./Drivers/STM32F3xx_HAL_Driver/Src/stm32f3xx_hal_dma.o
 .debug_macro   0x0000000000020904      0x1e8 ./Drivers/STM32F3xx_HAL_Driver/Src/stm32f3xx_hal_gpio.o
 .debug_macro   0x0000000000020aec      0x205 ./Drivers/STM32F3xx_HAL_Driver/Src/stm32f3xx_hal_rcc.o
 .debug_macro   0x0000000000020cf1      0x1e1 ./Drivers/STM32F3xx_HAL_Driver/Src/stm32f3xx_hal_rcc_ex.o
 .debug_macro   0x0000000000020ed2      0x1e2 ./Drivers/STM32F3xx_HAL_Driver/Src/stm32f3xx_hal_tim.o
 .debug_macro   0x00000000000210b4      0x1e1 ./Drivers/STM32F3xx_HAL_Driver/Src/stm32f3xx_hal_tim_ex.o
 .debug_macro   0x0000000000021295      0x1fe ./Drivers/STM32F3xx_HAL_Driver/Src/stm32f3xx_hal_uart.o
 .debug_macro   0x0000000000021493      0x1e1 ./Drivers/STM32F3xx_HAL_Driver/Src/stm32f3xx_hal_uart_ex.o
 .debug_macro   0x0000000000021674      0x1e2 ./Drivers/STM32F3xx_HAL_Driver/Src/stm32f3xx_hal_wwdg.o
 .debug_macro   0x0000000000021856      0x28d ./Drivers/STM32F3xx_HAL_Driver/Src/stm32f3xx_ll_tim.o
 .debug_macro   0x0000000000021ae3      0x87a ./Drivers/STM32F3xx_HAL_Driver/Src/stm32f3xx_ll_tim.o
 .debug_macro   0x000000000002235d      0x247 ./Middlewares/Third_Party/FreeRTOS/Source/CMSIS_RTOS_V2/cmsis_os2.o
 .debug_macro   0x00000000000225a4       0x10 ./Middlewares/Third_Party/FreeRTOS/Source/CMSIS_RTOS_V2/cmsis_os2.o
 .debug_macro   0x00000000000225b4       0x10 ./Middlewares/Third_Party/FreeRTOS/Source/CMSIS_RTOS_V2/cmsis_os2.o
 .debug_macro   0x00000000000225c4       0xd3 ./Middlewares/Third_Party/FreeRTOS/Source/CMSIS_RTOS_V2/cmsis_os2.o
 .debug_macro   0x0000000000022697       0x91 ./Middlewares/Third_Party/FreeRTOS/Source/CMSIS_RTOS_V2/cmsis_os2.o
 .debug_macro   0x0000000000022728       0x8d ./Middlewares/Third_Party/FreeRTOS/Source/CMSIS_RTOS_V2/cmsis_os2.o
 .debug_macro   0x00000000000227b5       0x9a ./Middlewares/Third_Party/FreeRTOS/Source/CMSIS_RTOS_V2/cmsis_os2.o
 .debug_macro   0x000000000002284f      0x187 ./Middlewares/Third_Party/FreeRTOS/Source/list.o
 .debug_macro   0x00000000000229d6      0x212 ./Middlewares/Third_Party/FreeRTOS/Source/queue.o
 .debug_macro   0x0000000000022be8      0x287 ./Middlewares/Third_Party/FreeRTOS/Source/tasks.o
 .debug_macro   0x0000000000022e6f       0x10 ./Middlewares/Third_Party/FreeRTOS/Source/tasks.o
 .debug_macro   0x0000000000022e7f      0x1ca ./Middlewares/Third_Party/FreeRTOS/Source/timers.o
 .debug_macro   0x0000000000023049      0x196 ./Middlewares/Third_Party/FreeRTOS/Source/portable/GCC/ARM_CM4F/port.o
 .debug_macro   0x00000000000231df      0x1ae ./Middlewares/Third_Party/FreeRTOS/Source/portable/MemMang/heap_4.o

.debug_line     0x0000000000000000    0x1bffd
 .debug_line    0x0000000000000000      0x993 ./Core/Src/crc_driver.o
 .debug_line    0x0000000000000993     0x104a ./Core/Src/main.o
 .debug_line    0x00000000000019dd      0x91a ./Core/Src/stm32f3xx_hal_msp.o
 .debug_line    0x00000000000022f7      0x80d ./Core/Src/stm32f3xx_hal_timebase_tim.o
 .debug_line    0x0000000000002b04      0x96a ./Core/Src/stm32f3xx_it.o
 .debug_line    0x000000000000346e      0x80d ./Core/Src/system_stm32f3xx.o
 .debug_line    0x0000000000003c7b       0x7a ./Core/Startup/startup_stm32f303retx.o
 .debug_line    0x0000000000003cf5      0xa3d ./Drivers/STM32F3xx_HAL_Driver/Src/stm32f3xx_hal.o
 .debug_line    0x0000000000004732      0xd02 ./Drivers/STM32F3xx_HAL_Driver/Src/stm32f3xx_hal_cortex.o
 .debug_line    0x0000000000005434      0xd4f ./Drivers/STM32F3xx_HAL_Driver/Src/stm32f3xx_hal_dma.o
 .debug_line    0x0000000000006183      0xbc4 ./Drivers/STM32F3xx_HAL_Driver/Src/stm32f3xx_hal_gpio.o
 .debug_line    0x0000000000006d47     0x142f ./Drivers/STM32F3xx_HAL_Driver/Src/stm32f3xx_hal_rcc.o
 .debug_line    0x0000000000008176      0xf55 ./Drivers/STM32F3xx_HAL_Driver/Src/stm32f3xx_hal_rcc_ex.o
 .debug_line    0x00000000000090cb     0x3ed4 ./Drivers/STM32F3xx_HAL_Driver/Src/stm32f3xx_hal_tim.o
 .debug_line    0x000000000000cf9f     0x1b71 ./Drivers/STM32F3xx_HAL_Driver/Src/stm32f3xx_hal_tim_ex.o
 .debug_line    0x000000000000eb10     0x317f ./Drivers/STM32F3xx_HAL_Driver/Src/stm32f3xx_hal_uart.o
 .debug_line    0x0000000000011c8f      0xbb4 ./Drivers/STM32F3xx_HAL_Driver/Src/stm32f3xx_hal_uart_ex.o
 .debug_line    0x0000000000012843      0x813 ./Drivers/STM32F3xx_HAL_Driver/Src/stm32f3xx_hal_wwdg.o
 .debug_line    0x0000000000013056      0xf5b ./Drivers/STM32F3xx_HAL_Driver/Src/stm32f3xx_ll_tim.o
 .debug_line    0x0000000000013fb1     0x24e6 ./Middlewares/Third_Party/FreeRTOS/Source/CMSIS_RTOS_V2/cmsis_os2.o
 .debug_line    0x0000000000016497      0x796 ./Middlewares/Third_Party/FreeRTOS/Source/list.o
 .debug_line    0x0000000000016c2d     0x1759 ./Middlewares/Third_Party/FreeRTOS/Source/queue.o
 .debug_line    0x0000000000018386     0x1dc2 ./Middlewares/Third_Party/FreeRTOS/Source/tasks.o
 .debug_line    0x000000000001a148      0xd2d ./Middlewares/Third_Party/FreeRTOS/Source/timers.o
 .debug_line    0x000000000001ae75      0x830 ./Middlewares/Third_Party/FreeRTOS/Source/portable/GCC/ARM_CM4F/port.o
 .debug_line    0x000000000001b6a5      0x958 ./Middlewares/Third_Party/FreeRTOS/Source/portable/MemMang/heap_4.o

.debug_str      0x0000000000000000    0xe3319
 .debug_str     0x0000000000000000    0xc5a3a ./Core/Src/crc_driver.o
                                      0xc6c0c (size before relaxing)
 .debug_str     0x00000000000c5a3a    0x12d15 ./Core/Src/main.o
                                      0xd9bd9 (size before relaxing)
 .debug_str     0x00000000000d874f       0xad ./Core/Src/stm32f3xx_hal_msp.o
                                      0xd1aad (size before relaxing)
 .debug_str     0x00000000000d87fc      0x107 ./Core/Src/stm32f3xx_hal_timebase_tim.o
                                      0xc3e62 (size before relaxing)
 .debug_str     0x00000000000d8903       0xdd ./Core/Src/stm32f3xx_it.o
                                      0xd1886 (size before relaxing)
 .debug_str     0x00000000000d89e0       0x8b ./Core/Src/system_stm32f3xx.o
                                      0xc33f5 (size before relaxing)
 .debug_str     0x00000000000d8a6b       0x34 ./Core/Startup/startup_stm32f303retx.o
                                         0x80 (size before relaxing)
 .debug_str     0x00000000000d8a9f      0x35d ./Drivers/STM32F3xx_HAL_Driver/Src/stm32f3xx_hal.o
                                      0xc3c9e (size before relaxing)
 .debug_str     0x00000000000d8dfc      0x285 ./Drivers/STM32F3xx_HAL_Driver/Src/stm32f3xx_hal_cortex.o
                                      0xc3cf0 (size before relaxing)
 .debug_str     0x00000000000d9081      0x248 ./Drivers/STM32F3xx_HAL_Driver/Src/stm32f3xx_hal_dma.o
                                      0xc373d (size before relaxing)
 .debug_str     0x00000000000d92c9      0x17c ./Drivers/STM32F3xx_HAL_Driver/Src/stm32f3xx_hal_gpio.o
                                      0xc35da (size before relaxing)
 .debug_str     0x00000000000d9445      0x29c ./Drivers/STM32F3xx_HAL_Driver/Src/stm32f3xx_hal_rcc.o
                                      0xc3899 (size before relaxing)
 .debug_str     0x00000000000d96e1       0xbe ./Drivers/STM32F3xx_HAL_Driver/Src/stm32f3xx_hal_rcc_ex.o
                                      0xc36e3 (size before relaxing)
 .debug_str     0x00000000000d979f      0xe3a ./Drivers/STM32F3xx_HAL_Driver/Src/stm32f3xx_hal_tim.o
                                      0xc481c (size before relaxing)
 .debug_str     0x00000000000da5d9      0x561 ./Drivers/STM32F3xx_HAL_Driver/Src/stm32f3xx_hal_tim_ex.o
                                      0xc4072 (size before relaxing)
 .debug_str     0x00000000000dab3a      0x82e ./Drivers/STM32F3xx_HAL_Driver/Src/stm32f3xx_hal_uart.o
                                      0xc4118 (size before relaxing)